{
  "version": "1.5.0",
  "plugins_used": [
    {
      "name": "ArtifactoryDetector"
    },
    {
      "name": "AWSKeyDetector"
    },
    {
      "name": "AzureStorageKeyDetector"
    },
    {
      "name": "Base64HighEntropyString",
      "limit": 4.5
    },
    {
      "name": "BasicAuthDetector"
    },
    {
      "name": "CloudantDetector"
    },
    {
      "name": "DiscordBotTokenDetector"
    },
    {
      "name": "GitHubTokenDetector"
    },
    {
      "name": "GitLabTokenDetector"
    },
    {
      "name": "HexHighEntropyString",
      "limit": 3.0
    },
    {
      "name": "IbmCloudIamDetector"
    },
    {
      "name": "IbmCosHmacDetector"
    },
    {
      "name": "IPPublicDetector"
    },
    {
      "name": "JwtTokenDetector"
    },
    {
      "name": "KeywordDetector",
      "keyword_exclude": ""
    },
    {
      "name": "MailchimpDetector"
    },
    {
      "name": "NpmDetector"
    },
    {
      "name": "OpenAIDetector"
    },
    {
      "name": "PrivateKeyDetector"
    },
    {
      "name": "PypiTokenDetector"
    },
    {
      "name": "SendGridDetector"
    },
    {
      "name": "SlackDetector"
    },
    {
      "name": "SoftlayerDetector"
    },
    {
      "name": "SquareOAuthDetector"
    },
    {
      "name": "StripeDetector"
    },
    {
      "name": "TelegramBotTokenDetector"
    },
    {
      "name": "TwilioKeyDetector"
    }
  ],
  "filters_used": [
    {
      "path": "detect_secrets.filters.allowlist.is_line_allowlisted"
    },
    {
      "path": "detect_secrets.filters.common.is_baseline_file",
      "filename": ".secrets.baseline"
    },
    {
      "path": "detect_secrets.filters.common.is_ignored_due_to_verification_policies",
      "min_level": 2
    },
    {
      "path": "detect_secrets.filters.heuristic.is_indirect_reference"
    },
    {
      "path": "detect_secrets.filters.heuristic.is_likely_id_string"
    },
    {
      "path": "detect_secrets.filters.heuristic.is_lock_file"
    },
    {
      "path": "detect_secrets.filters.heuristic.is_not_alphanumeric_string"
    },
    {
      "path": "detect_secrets.filters.heuristic.is_potential_uuid"
    },
    {
      "path": "detect_secrets.filters.heuristic.is_prefixed_with_dollar_sign"
    },
    {
      "path": "detect_secrets.filters.heuristic.is_sequential_string"
    },
    {
      "path": "detect_secrets.filters.heuristic.is_swagger_file"
    },
    {
      "path": "detect_secrets.filters.heuristic.is_templated_secret"
    }
  ],
  "results": {
    "agents/manifest.json": [
      {
        "type": "Hex High Entropy String",
        "filename": "agents/manifest.json",
        "hashed_secret": "29931b5dfbdbd174970fe96043c4a2faa0f66211",
        "is_verified": false,
        "line_number": 5
      },
      {
        "type": "Hex High Entropy String",
        "filename": "agents/manifest.json",
        "hashed_secret": "fe3af35179a16952203141a4dda3caa5893e5d9e",
        "is_verified": false,
        "line_number": 9
      },
      {
        "type": "Hex High Entropy String",
        "filename": "agents/manifest.json",
        "hashed_secret": "91c0845cd20b27829bcdf70afa850c7feaceb5f3",
        "is_verified": false,
        "line_number": 13
      },
      {
        "type": "Hex High Entropy String",
        "filename": "agents/manifest.json",
        "hashed_secret": "0dc9666bfa76bb13c7f35c371bc666de40c0173e",
        "is_verified": false,
        "line_number": 21
      },
      {
        "type": "Hex High Entropy String",
        "filename": "agents/manifest.json",
        "hashed_secret": "bf6f722b976ef8f49bae4bb673037b3ca1d271d1",
        "is_verified": false,
        "line_number": 25
      },
      {
        "type": "Hex High Entropy String",
        "filename": "agents/manifest.json",
        "hashed_secret": "4b6565ab5e1ec609e05553d003cf338070d81836",
        "is_verified": false,
        "line_number": 29
      },
      {
        "type": "Hex High Entropy String",
        "filename": "agents/manifest.json",
        "hashed_secret": "e7b7bf3d1502c08eed0f1507a6dfba255dd6e1f8",
        "is_verified": false,
        "line_number": 33
      },
      {
        "type": "Hex High Entropy String",
        "filename": "agents/manifest.json",
        "hashed_secret": "628eb5de0fb903dbc112cfe64d7ffee58607927d",
        "is_verified": false,
        "line_number": 41
      },
      {
        "type": "Hex High Entropy String",
        "filename": "agents/manifest.json",
        "hashed_secret": "e7fca37cfc3b1ffc8f2d19e6d42cb4f726f5e091",
        "is_verified": false,
        "line_number": 45
      },
      {
        "type": "Hex High Entropy String",
        "filename": "agents/manifest.json",
        "hashed_secret": "fd5df52306f5c8315420143bec48de2cd1d48014",
        "is_verified": false,
        "line_number": 49
      },
      {
        "type": "Hex High Entropy String",
        "filename": "agents/manifest.json",
        "hashed_secret": "4e0abd652b07617b2ac184d46f040a7cabdf4a27",
        "is_verified": false,
        "line_number": 53
      },
      {
        "type": "Hex High Entropy String",
        "filename": "agents/manifest.json",
        "hashed_secret": "b37f8d4aca0f85435b52e167ee9f09280a3f9593",
        "is_verified": false,
        "line_number": 57
      },
      {
        "type": "Hex High Entropy String",
        "filename": "agents/manifest.json",
        "hashed_secret": "6e16c27090e6ef78d3d43f0d4244d7a9987e76d9",
        "is_verified": false,
        "line_number": 61
      },
      {
        "type": "Hex High Entropy String",
        "filename": "agents/manifest.json",
        "hashed_secret": "c5500010d104bbe79247185dc8f18325d26bce2b",
        "is_verified": false,
        "line_number": 65
      },
      {
        "type": "Hex High Entropy String",
        "filename": "agents/manifest.json",
        "hashed_secret": "f486b8e96a1170d64497c4d96f292fdd2b6d33ef",
        "is_verified": false,
        "line_number": 69
      },
      {
        "type": "Hex High Entropy String",
        "filename": "agents/manifest.json",
        "hashed_secret": "ee12a35a3779f33af762a202e2f8dfa4781ae562",
        "is_verified": false,
        "line_number": 73
      }
    ],
    "agents/mcp/README.md": [
      {
        "type": "Secret Keyword",
        "filename": "agents/mcp/README.md",
        "hashed_secret": "c303df00cd0a72b21c62900b758b06fc541664ce",
        "is_verified": false,
        "line_number": 143
      }
    ],
    "docs/architecture/session-memory/receipts/gold-v2-dev.json": [
      {
        "type": "Hex High Entropy String",
        "filename": "docs/architecture/session-memory/receipts/gold-v2-dev.json",
        "hashed_secret": "fd9800f4cf9fb5e3cf11141d7a548328844ddf2d",
        "is_verified": false,
        "line_number": 1
      }
    ],
    "docs/architecture/session-memory/receipts/ingest-archive-v1.json": [
      {
        "type": "Hex High Entropy String",
        "filename": "docs/architecture/session-memory/receipts/ingest-archive-v1.json",
        "hashed_secret": "75231727e923cd5b9e1e1f835c3042523da9d0c7",
        "is_verified": false,
        "line_number": 20
      },
      {
        "type": "Hex High Entropy String",
        "filename": "docs/architecture/session-memory/receipts/ingest-archive-v1.json",
        "hashed_secret": "fd9800f4cf9fb5e3cf11141d7a548328844ddf2d",
        "is_verified": false,
        "line_number": 21
      }
    ],
    "docs/architecture/session-memory/receipts/ingest-archive-v2.json": [
      {
        "type": "Hex High Entropy String",
        "filename": "docs/architecture/session-memory/receipts/ingest-archive-v2.json",
        "hashed_secret": "75231727e923cd5b9e1e1f835c3042523da9d0c7",
        "is_verified": false,
        "line_number": 53
      },
      {
        "type": "Hex High Entropy String",
        "filename": "docs/architecture/session-memory/receipts/ingest-archive-v2.json",
        "hashed_secret": "fd9800f4cf9fb5e3cf11141d7a548328844ddf2d",
        "is_verified": false,
        "line_number": 54
      }
    ],
    "docs/architecture/session-memory/receipts/paraphrase-census-duplicates-v2.json": [
      {
        "type": "Hex High Entropy String",
        "filename": "docs/architecture/session-memory/receipts/paraphrase-census-duplicates-v2.json",
        "hashed_secret": "611deee6e3638c9e52f5a2bae55dd597ca8fa6c3",
        "is_verified": false,
        "line_number": 4
      }
    ],
    "docs/architecture/session-memory/receipts/paraphrase-census-pair.json": [
      {
        "type": "Hex High Entropy String",
        "filename": "docs/architecture/session-memory/receipts/paraphrase-census-pair.json",
        "hashed_secret": "523ee8c6b8d3c00ad6634bd8717b352876396f2f",
        "is_verified": false,
        "line_number": 4
      },
      {
        "type": "Hex High Entropy String",
        "filename": "docs/architecture/session-memory/receipts/paraphrase-census-pair.json",
        "hashed_secret": "611deee6e3638c9e52f5a2bae55dd597ca8fa6c3",
        "is_verified": false,
        "line_number": 5
      }
    ],
    "docs/architecture/session-memory/receipts/paraphrase-census-v2.json": [
      {
        "type": "Hex High Entropy String",
        "filename": "docs/architecture/session-memory/receipts/paraphrase-census-v2.json",
        "hashed_secret": "611deee6e3638c9e52f5a2bae55dd597ca8fa6c3",
        "is_verified": false,
        "line_number": 3
      }
    ],
    "docs/architecture/session-memory/receipts/paraphrase-census.json": [
      {
        "type": "Hex High Entropy String",
        "filename": "docs/architecture/session-memory/receipts/paraphrase-census.json",
        "hashed_secret": "523ee8c6b8d3c00ad6634bd8717b352876396f2f",
        "is_verified": false,
        "line_number": 3
      }
    ],
    "docs/architecture/session-memory/receipts/semantic-layer/stage1-baseline-census-mcp.json": [
      {
        "type": "Hex High Entropy String",
        "filename": "docs/architecture/session-memory/receipts/semantic-layer/stage1-baseline-census-mcp.json",
        "hashed_secret": "9dd3c9570eb8d4abc6d9dbfdedf1eb2352c58d5b",
        "is_verified": false,
        "line_number": 6
      },
      {
        "type": "Hex High Entropy String",
        "filename": "docs/architecture/session-memory/receipts/semantic-layer/stage1-baseline-census-mcp.json",
        "hashed_secret": "45db1d208b9b4c776899336a0c4b4c076de7bdb1",
        "is_verified": false,
        "line_number": 15
      }
    ],
    "docs/architecture/session-memory/receipts/semantic-layer/stage1-baseline-gold.json": [
      {
        "type": "Hex High Entropy String",
        "filename": "docs/architecture/session-memory/receipts/semantic-layer/stage1-baseline-gold.json",
        "hashed_secret": "9dd3c9570eb8d4abc6d9dbfdedf1eb2352c58d5b",
        "is_verified": false,
        "line_number": 7
      },
      {
        "type": "Hex High Entropy String",
        "filename": "docs/architecture/session-memory/receipts/semantic-layer/stage1-baseline-gold.json",
        "hashed_secret": "7e65e434485495e514fc1ee184e7e5ddb9acc33c",
        "is_verified": false,
        "line_number": 2928
      },
      {
        "type": "Hex High Entropy String",
        "filename": "docs/architecture/session-memory/receipts/semantic-layer/stage1-baseline-gold.json",
        "hashed_secret": "fe1f4c1cf0084b73765ed67c62978cda3590b87b",
        "is_verified": false,
        "line_number": 2943
      },
      {
        "type": "Hex High Entropy String",
        "filename": "docs/architecture/session-memory/receipts/semantic-layer/stage1-baseline-gold.json",
        "hashed_secret": "070f3646ad7c636ad4d2d743298ba6e4af173a12",
        "is_verified": false,
        "line_number": 2951
      }
    ],
    "docs/architecture/session-memory/receipts/semantic-layer/stage1-model-measurements.json": [
      {
        "type": "Hex High Entropy String",
        "filename": "docs/architecture/session-memory/receipts/semantic-layer/stage1-model-measurements.json",
        "hashed_secret": "57763e9596f8d419d54dc4884476396ac58df173",
        "is_verified": false,
        "line_number": 48
      },
      {
        "type": "Hex High Entropy String",
        "filename": "docs/architecture/session-memory/receipts/semantic-layer/stage1-model-measurements.json",
        "hashed_secret": "0a54b022431a5ec60261f74d54986ad705cac1e2",
        "is_verified": false,
        "line_number": 69
      }
    ],
    "docs/architecture/session-memory/receipts/stage4-keep-half-dev-rescore.json": [
      {
        "type": "Hex High Entropy String",
        "filename": "docs/architecture/session-memory/receipts/stage4-keep-half-dev-rescore.json",
        "hashed_secret": "a9f3fd2b1778c4abafa5fa91cfd03e0de761412c",
        "is_verified": false,
        "line_number": 4
      },
      {
        "type": "Hex High Entropy String",
        "filename": "docs/architecture/session-memory/receipts/stage4-keep-half-dev-rescore.json",
        "hashed_secret": "97ac65246e6cb56647a7114f65fbafe7a240ea38",
        "is_verified": false,
        "line_number": 5
      },
      {
        "type": "Hex High Entropy String",
        "filename": "docs/architecture/session-memory/receipts/stage4-keep-half-dev-rescore.json",
        "hashed_secret": "17ee88a4bc58ffd5f32da0712f378bdbb6e632e1",
        "is_verified": false,
        "line_number": 6
      },
      {
        "type": "Hex High Entropy String",
        "filename": "docs/architecture/session-memory/receipts/stage4-keep-half-dev-rescore.json",
        "hashed_secret": "fe1f4c1cf0084b73765ed67c62978cda3590b87b",
        "is_verified": false,
        "line_number": 19
      },
      {
        "type": "Hex High Entropy String",
        "filename": "docs/architecture/session-memory/receipts/stage4-keep-half-dev-rescore.json",
        "hashed_secret": "75231727e923cd5b9e1e1f835c3042523da9d0c7",
        "is_verified": false,
        "line_number": 23
      },
      {
        "type": "Hex High Entropy String",
        "filename": "docs/architecture/session-memory/receipts/stage4-keep-half-dev-rescore.json",
        "hashed_secret": "fd9800f4cf9fb5e3cf11141d7a548328844ddf2d",
        "is_verified": false,
        "line_number": 24
      }
    ],
    "docs/superpowers/plans/2026-09-04-second-brain-launcher.md": [
      {
        "type": "Basic Auth Credentials",
        "filename": "docs/superpowers/plans/2026-09-04-second-brain-launcher.md",
        "hashed_secret": "9d4e1e23bd5b727046a9e3b4b7db57bd8d6ee684",
        "is_verified": false,
        "line_number": 137
      }
    ],
    "experiments/evidence_context/managed_history/OBSERVED-RESULTS.json": [
      {
        "type": "Hex High Entropy String",
        "filename": "experiments/evidence_context/managed_history/OBSERVED-RESULTS.json",
        "hashed_secret": "c3ddbb30c182e3ca4dabb928a02fe3a52455f39d",
        "is_verified": false,
        "line_number": 55
      }
    ],
    "experiments/evidence_context/source_decision/observations/offline.json": [
      {
        "type": "Hex High Entropy String",
        "filename": "experiments/evidence_context/source_decision/observations/offline.json",
        "hashed_secret": "c25ae5111f3511afd6c1b9b1c460eb46d87408ea",
        "is_verified": false,
        "line_number": 70
      },
      {
        "type": "Hex High Entropy String",
        "filename": "experiments/evidence_context/source_decision/observations/offline.json",
        "hashed_secret": "0b3fd53cc18e38738c052bdc40355cb25661a2f7",
        "is_verified": false,
        "line_number": 90
      },
      {
        "type": "Hex High Entropy String",
        "filename": "experiments/evidence_context/source_decision/observations/offline.json",
        "hashed_secret": "740976e261eb61b52b3eb5a586f2b293f78ae3bc",
        "is_verified": false,
        "line_number": 468
      },
      {
        "type": "Hex High Entropy String",
        "filename": "experiments/evidence_context/source_decision/observations/offline.json",
        "hashed_secret": "d3691912d85d467bf6cc3303e726879aa171726c",
        "is_verified": false,
        "line_number": 887
      },
      {
        "type": "Hex High Entropy String",
        "filename": "experiments/evidence_context/source_decision/observations/offline.json",
        "hashed_secret": "9a3ed36b3ad79c66c3ab6eb08cfde1c427eea8f5",
        "is_verified": false,
        "line_number": 907
      },
      {
        "type": "Hex High Entropy String",
        "filename": "experiments/evidence_context/source_decision/observations/offline.json",
        "hashed_secret": "77772160c94c97a4ebdabf2a19be5565e17309ec",
        "is_verified": false,
        "line_number": 1290
      },
      {
        "type": "Hex High Entropy String",
        "filename": "experiments/evidence_context/source_decision/observations/offline.json",
        "hashed_secret": "777685f24fb563c0c0f1127651b1c1f5bc92423d",
        "is_verified": false,
        "line_number": 1658
      },
      {
        "type": "Hex High Entropy String",
        "filename": "experiments/evidence_context/source_decision/observations/offline.json",
        "hashed_secret": "752e944bd64bee9f0201d333a2754f6f5ce416f4",
        "is_verified": false,
        "line_number": 2041
      },
      {
        "type": "Hex High Entropy String",
        "filename": "experiments/evidence_context/source_decision/observations/offline.json",
        "hashed_secret": "ba600ec1df2f4202d389618eeb7a7b4157afb583",
        "is_verified": false,
        "line_number": 2430
      },
      {
        "type": "Hex High Entropy String",
        "filename": "experiments/evidence_context/source_decision/observations/offline.json",
        "hashed_secret": "976603f245499680655bd302814c3874ac71d1cb",
        "is_verified": false,
        "line_number": 2640
      },
      {
        "type": "Hex High Entropy String",
        "filename": "experiments/evidence_context/source_decision/observations/offline.json",
        "hashed_secret": "c58c099aef9ca74744c6d36882f5d3b356b540b7",
        "is_verified": false,
        "line_number": 3050
      },
      {
        "type": "Hex High Entropy String",
        "filename": "experiments/evidence_context/source_decision/observations/offline.json",
        "hashed_secret": "bb9f9b08b2f021d352d196f23d7dda2ce77393c9",
        "is_verified": false,
        "line_number": 3857
      },
      {
        "type": "Hex High Entropy String",
        "filename": "experiments/evidence_context/source_decision/observations/offline.json",
        "hashed_secret": "a3e74ea42c1cbe373298f2803b1346eff9695ecf",
        "is_verified": false,
        "line_number": 4308
      }
    ],
    "experiments/evidence_context/source_decision/observations/results.json": [
      {
        "type": "Hex High Entropy String",
        "filename": "experiments/evidence_context/source_decision/observations/results.json",
        "hashed_secret": "c25ae5111f3511afd6c1b9b1c460eb46d87408ea",
        "is_verified": false,
        "line_number": 99
      },
      {
        "type": "Hex High Entropy String",
        "filename": "experiments/evidence_context/source_decision/observations/results.json",
        "hashed_secret": "0b3fd53cc18e38738c052bdc40355cb25661a2f7",
        "is_verified": false,
        "line_number": 119
      },
      {
        "type": "Hex High Entropy String",
        "filename": "experiments/evidence_context/source_decision/observations/results.json",
        "hashed_secret": "740976e261eb61b52b3eb5a586f2b293f78ae3bc",
        "is_verified": false,
        "line_number": 555
      },
      {
        "type": "Hex High Entropy String",
        "filename": "experiments/evidence_context/source_decision/observations/results.json",
        "hashed_secret": "d3691912d85d467bf6cc3303e726879aa171726c",
        "is_verified": false,
        "line_number": 1036
      },
      {
        "type": "Hex High Entropy String",
        "filename": "experiments/evidence_context/source_decision/observations/results.json",
        "hashed_secret": "9a3ed36b3ad79c66c3ab6eb08cfde1c427eea8f5",
        "is_verified": false,
        "line_number": 1056
      },
      {
        "type": "Hex High Entropy String",
        "filename": "experiments/evidence_context/source_decision/observations/results.json",
        "hashed_secret": "77772160c94c97a4ebdabf2a19be5565e17309ec",
        "is_verified": false,
        "line_number": 1501
      },
      {
        "type": "Hex High Entropy String",
        "filename": "experiments/evidence_context/source_decision/observations/results.json",
        "hashed_secret": "777685f24fb563c0c0f1127651b1c1f5bc92423d",
        "is_verified": false,
        "line_number": 1931
      },
      {
        "type": "Hex High Entropy String",
        "filename": "experiments/evidence_context/source_decision/observations/results.json",
        "hashed_secret": "752e944bd64bee9f0201d333a2754f6f5ce416f4",
        "is_verified": false,
        "line_number": 2372
      },
      {
        "type": "Hex High Entropy String",
        "filename": "experiments/evidence_context/source_decision/observations/results.json",
        "hashed_secret": "ba600ec1df2f4202d389618eeb7a7b4157afb583",
        "is_verified": false,
        "line_number": 2811
      },
      {
        "type": "Hex High Entropy String",
        "filename": "experiments/evidence_context/source_decision/observations/results.json",
        "hashed_secret": "976603f245499680655bd302814c3874ac71d1cb",
        "is_verified": false,
        "line_number": 3067
      },
      {
        "type": "Hex High Entropy String",
        "filename": "experiments/evidence_context/source_decision/observations/results.json",
        "hashed_secret": "c58c099aef9ca74744c6d36882f5d3b356b540b7",
        "is_verified": false,
        "line_number": 3527
      },
      {
        "type": "Hex High Entropy String",
        "filename": "experiments/evidence_context/source_decision/observations/results.json",
        "hashed_secret": "bb9f9b08b2f021d352d196f23d7dda2ce77393c9",
        "is_verified": false,
        "line_number": 4458
      },
      {
        "type": "Hex High Entropy String",
        "filename": "experiments/evidence_context/source_decision/observations/results.json",
        "hashed_secret": "a3e74ea42c1cbe373298f2803b1346eff9695ecf",
        "is_verified": false,
        "line_number": 4967
      }
    ],
    "packages/agent-session-tools/tests/test_config_loader.py": [
      {
        "type": "Base64 High Entropy String",
        "filename": "packages/agent-session-tools/tests/test_config_loader.py",
        "hashed_secret": "4331de6fdcf7360b98d6319e482cd995d27b23d2",
        "is_verified": false,
        "line_number": 240
      },
      {
        "type": "Base64 High Entropy String",
        "filename": "packages/agent-session-tools/tests/test_config_loader.py",
        "hashed_secret": "93056f8ced0e7c6ddf1e6402ebf14e78b7cbefe6",
        "is_verified": false,
        "line_number": 241
      }
    ],
    "packages/agent-session-tools/tests/test_eval_gold.py": [
      {
        "type": "Hex High Entropy String",
        "filename": "packages/agent-session-tools/tests/test_eval_gold.py",
        "hashed_secret": "fe1f4c1cf0084b73765ed67c62978cda3590b87b",
        "is_verified": false,
        "line_number": 24
      }
    ],
    "packages/agent-session-tools/tests/test_obsidian_writer.py": [
      {
        "type": "Hex High Entropy String",
        "filename": "packages/agent-session-tools/tests/test_obsidian_writer.py",
        "hashed_secret": "e4b41e5b3ee37527f01e5c0e155aa7a96c8d840c",
        "is_verified": false,
        "line_number": 38
      }
    ],
    "packages/studyloop/src/studyloop/session/child_env.py": [
      {
        "type": "Basic Auth Credentials",
        "filename": "packages/studyloop/src/studyloop/session/child_env.py",
        "hashed_secret": "1a91d62f7ca67399625a4368a6ab5d4a3baa6073",
        "is_verified": false,
        "line_number": 34
      }
    ],
    "packages/studyloop/src/studyloop/web/routes/content_gen/_catalog.py": [
      {
        "type": "Secret Keyword",
        "filename": "packages/studyloop/src/studyloop/web/routes/content_gen/_catalog.py",
        "hashed_secret": "5e99ed6523713fa172088d61a3ff067a22346d65",
        "is_verified": false,
        "line_number": 116
      }
    ],
    "packages/studyloop/src/studyloop/web/static/vendor/js/xterm-addon-clipboard-0.2.0.js": [
      {
        "type": "Base64 High Entropy String",
        "filename": "packages/studyloop/src/studyloop/web/static/vendor/js/xterm-addon-clipboard-0.2.0.js",
        "hashed_secret": "1d278d3c888d1a2fa7eed622bfc02927ce4049af",
        "is_verified": false,
        "line_number": 1
      }
    ],
    "packages/studyloop/tests/test_dotenv_test_hatch.py": [
      {
        "type": "Base64 High Entropy String",
        "filename": "packages/studyloop/tests/test_dotenv_test_hatch.py",
        "hashed_secret": "20b446b8aa6c661b271f88a1dd3686b30a14b54b",
        "is_verified": false,
        "line_number": 31
      }
    ],
    "packages/studyloop/tests/test_pty_transport.py": [
      {
        "type": "Secret Keyword",
        "filename": "packages/studyloop/tests/test_pty_transport.py",
        "hashed_secret": "f3bbbd66a63d4bf1747940578ec3d0103530e21d",
        "is_verified": false,
        "line_number": 122
      },
      {
        "type": "Secret Keyword",
        "filename": "packages/studyloop/tests/test_pty_transport.py",
        "hashed_secret": "71544f76730f65cdb71a68877b02d015feb51ab1",
        "is_verified": false,
        "line_number": 123
      },
      {
        "type": "Secret Keyword",
        "filename": "packages/studyloop/tests/test_pty_transport.py",
        "hashed_secret": "81c748a598105d20ab335cda7550182d132dd8e4",
        "is_verified": false,
        "line_number": 135
      }
    ],
    "packages/studyloop/tests/test_session_start.py": [
      {
        "type": "Hex High Entropy String",
        "filename": "packages/studyloop/tests/test_session_start.py",
        "hashed_secret": "e8e6c2284ab5bee4de2ee53880c8fc2a4728d3e8",
        "is_verified": false,
        "line_number": 198
      },
      {
        "type": "Secret Keyword",
        "filename": "packages/studyloop/tests/test_session_start.py",
        "hashed_secret": "8276669029ebdae41cc9747c27870b45b547f5cf",
        "is_verified": false,
        "line_number": 362
      }
    ],
    "packages/studyloop/tests/test_web_content_generation_service.py": [
      {
        "type": "Secret Keyword",
        "filename": "packages/studyloop/tests/test_web_content_generation_service.py",
        "hashed_secret": "1b9d3a64eafd1a6a3b025f2d86d3835220a2034b",
        "is_verified": false,
        "line_number": 17
      }
    ],
    "packages/studyloop/tests/test_web_runtime_feedback.py": [
      {
        "type": "Secret Keyword",
        "filename": "packages/studyloop/tests/test_web_runtime_feedback.py",
        "hashed_secret": "8720b7945189fb56b56b4b0ab1b9dcfc3877dd7a",
        "is_verified": false,
        "line_number": 57
      },
      {
        "type": "Secret Keyword",
        "filename": "packages/studyloop/tests/test_web_runtime_feedback.py",
        "hashed_secret": "e12ea5603ad9823095da5d636dddf01d9a949a9a",
        "is_verified": false,
        "line_number": 62
      }
    ],
    "packages/studyloop/tests/test_web_secrets_route.py": [
      {
        "type": "Secret Keyword",
        "filename": "packages/studyloop/tests/test_web_secrets_route.py",
        "hashed_secret": "56934f4281213d3c49c46ba46e010bb0381dafd7",
        "is_verified": false,
        "line_number": 162
      },
      {
        "type": "Secret Keyword",
        "filename": "packages/studyloop/tests/test_web_secrets_route.py",
        "hashed_secret": "37a1676371e3e6494da213ed72053b7156ff8f00",
        "is_verified": false,
        "line_number": 175
      },
      {
        "type": "Secret Keyword",
        "filename": "packages/studyloop/tests/test_web_secrets_route.py",
        "hashed_secret": "76bae137af85acbf6ad11e54b8de308697048008",
        "is_verified": false,
        "line_number": 187
      }
    ],
    "packages/studyloop/tests/test_web_session_start_service.py": [
      {
        "type": "Hex High Entropy String",
        "filename": "packages/studyloop/tests/test_web_session_start_service.py",
        "hashed_secret": "33c76f70af66754ca47d19b17da8dc232e125253",
        "is_verified": false,
        "line_number": 17
      }
    ]
  },
  "generated_at": "2026-09-11T09:39:24Z"
}
