{
  "version": "1.5.0",
  "plugins_used": [
    {
      "name": "ArtifactoryDetector"
    },
    {
      "name": "AWSKeyDetector"
    },
    {
      "name": "AzureStorageKeyDetector"
    },
    {
      "name": "Base64HighEntropyString",
      "limit": 4.5
    },
    {
      "name": "BasicAuthDetector"
    },
    {
      "name": "CloudantDetector"
    },
    {
      "name": "DiscordBotTokenDetector"
    },
    {
      "name": "GitHubTokenDetector"
    },
    {
      "name": "GitLabTokenDetector"
    },
    {
      "name": "HexHighEntropyString",
      "limit": 3.0
    },
    {
      "name": "IbmCloudIamDetector"
    },
    {
      "name": "IbmCosHmacDetector"
    },
    {
      "name": "IPPublicDetector"
    },
    {
      "name": "JwtTokenDetector"
    },
    {
      "name": "KeywordDetector",
      "keyword_exclude": ""
    },
    {
      "name": "MailchimpDetector"
    },
    {
      "name": "NpmDetector"
    },
    {
      "name": "OpenAIDetector"
    },
    {
      "name": "PrivateKeyDetector"
    },
    {
      "name": "PypiTokenDetector"
    },
    {
      "name": "SendGridDetector"
    },
    {
      "name": "SlackDetector"
    },
    {
      "name": "SoftlayerDetector"
    },
    {
      "name": "SquareOAuthDetector"
    },
    {
      "name": "StripeDetector"
    },
    {
      "name": "TelegramBotTokenDetector"
    },
    {
      "name": "TwilioKeyDetector"
    }
  ],
  "filters_used": [
    {
      "path": "detect_secrets.filters.allowlist.is_line_allowlisted"
    },
    {
      "path": "detect_secrets.filters.common.is_baseline_file",
      "filename": ".secrets.baseline"
    },
    {
      "path": "detect_secrets.filters.common.is_ignored_due_to_verification_policies",
      "min_level": 2
    },
    {
      "path": "detect_secrets.filters.heuristic.is_indirect_reference"
    },
    {
      "path": "detect_secrets.filters.heuristic.is_likely_id_string"
    },
    {
      "path": "detect_secrets.filters.heuristic.is_lock_file"
    },
    {
      "path": "detect_secrets.filters.heuristic.is_not_alphanumeric_string"
    },
    {
      "path": "detect_secrets.filters.heuristic.is_potential_uuid"
    },
    {
      "path": "detect_secrets.filters.heuristic.is_prefixed_with_dollar_sign"
    },
    {
      "path": "detect_secrets.filters.heuristic.is_sequential_string"
    },
    {
      "path": "detect_secrets.filters.heuristic.is_swagger_file"
    },
    {
      "path": "detect_secrets.filters.heuristic.is_templated_secret"
    }
  ],
  "results": {
    "agents/manifest.json": [
      {
        "type": "Hex High Entropy String",
        "filename": "agents/manifest.json",
        "hashed_secret": "29931b5dfbdbd174970fe96043c4a2faa0f66211",
        "is_verified": false,
        "line_number": 5
      },
      {
        "type": "Hex High Entropy String",
        "filename": "agents/manifest.json",
        "hashed_secret": "fe3af35179a16952203141a4dda3caa5893e5d9e",
        "is_verified": false,
        "line_number": 9
      },
      {
        "type": "Hex High Entropy String",
        "filename": "agents/manifest.json",
        "hashed_secret": "91c0845cd20b27829bcdf70afa850c7feaceb5f3",
        "is_verified": false,
        "line_number": 13
      },
      {
        "type": "Hex High Entropy String",
        "filename": "agents/manifest.json",
        "hashed_secret": "0dc9666bfa76bb13c7f35c371bc666de40c0173e",
        "is_verified": false,
        "line_number": 21
      },
      {
        "type": "Hex High Entropy String",
        "filename": "agents/manifest.json",
        "hashed_secret": "bf6f722b976ef8f49bae4bb673037b3ca1d271d1",
        "is_verified": false,
        "line_number": 25
      },
      {
        "type": "Hex High Entropy String",
        "filename": "agents/manifest.json",
        "hashed_secret": "4b6565ab5e1ec609e05553d003cf338070d81836",
        "is_verified": false,
        "line_number": 29
      },
      {
        "type": "Hex High Entropy String",
        "filename": "agents/manifest.json",
        "hashed_secret": "e7b7bf3d1502c08eed0f1507a6dfba255dd6e1f8",
        "is_verified": false,
        "line_number": 33
      },
      {
        "type": "Hex High Entropy String",
        "filename": "agents/manifest.json",
        "hashed_secret": "628eb5de0fb903dbc112cfe64d7ffee58607927d",
        "is_verified": false,
        "line_number": 41
      },
      {
        "type": "Hex High Entropy String",
        "filename": "agents/manifest.json",
        "hashed_secret": "e7fca37cfc3b1ffc8f2d19e6d42cb4f726f5e091",
        "is_verified": false,
        "line_number": 45
      },
      {
        "type": "Hex High Entropy String",
        "filename": "agents/manifest.json",
        "hashed_secret": "fd5df52306f5c8315420143bec48de2cd1d48014",
        "is_verified": false,
        "line_number": 49
      },
      {
        "type": "Hex High Entropy String",
        "filename": "agents/manifest.json",
        "hashed_secret": "4e0abd652b07617b2ac184d46f040a7cabdf4a27",
        "is_verified": false,
        "line_number": 53
      },
      {
        "type": "Hex High Entropy String",
        "filename": "agents/manifest.json",
        "hashed_secret": "b37f8d4aca0f85435b52e167ee9f09280a3f9593",
        "is_verified": false,
        "line_number": 57
      },
      {
        "type": "Hex High Entropy String",
        "filename": "agents/manifest.json",
        "hashed_secret": "6e16c27090e6ef78d3d43f0d4244d7a9987e76d9",
        "is_verified": false,
        "line_number": 61
      },
      {
        "type": "Hex High Entropy String",
        "filename": "agents/manifest.json",
        "hashed_secret": "c5500010d104bbe79247185dc8f18325d26bce2b",
        "is_verified": false,
        "line_number": 65
      },
      {
        "type": "Hex High Entropy String",
        "filename": "agents/manifest.json",
        "hashed_secret": "f486b8e96a1170d64497c4d96f292fdd2b6d33ef",
        "is_verified": false,
        "line_number": 69
      },
      {
        "type": "Hex High Entropy String",
        "filename": "agents/manifest.json",
        "hashed_secret": "ee12a35a3779f33af762a202e2f8dfa4781ae562",
        "is_verified": false,
        "line_number": 73
      }
    ],
    "agents/mcp/README.md": [
      {
        "type": "Secret Keyword",
        "filename": "agents/mcp/README.md",
        "hashed_secret": "c303df00cd0a72b21c62900b758b06fc541664ce",
        "is_verified": false,
        "line_number": 143
      }
    ],
    "docs/architecture/session-memory/receipts/gold-v2-dev.json": [
      {
        "type": "Hex High Entropy String",
        "filename": "docs/architecture/session-memory/receipts/gold-v2-dev.json",
        "hashed_secret": "fd9800f4cf9fb5e3cf11141d7a548328844ddf2d",
        "is_verified": false,
        "line_number": 1
      }
    ],
    "docs/architecture/session-memory/receipts/ingest-archive-v1.json": [
      {
        "type": "Hex High Entropy String",
        "filename": "docs/architecture/session-memory/receipts/ingest-archive-v1.json",
        "hashed_secret": "75231727e923cd5b9e1e1f835c3042523da9d0c7",
        "is_verified": false,
        "line_number": 20
      },
      {
        "type": "Hex High Entropy String",
        "filename": "docs/architecture/session-memory/receipts/ingest-archive-v1.json",
        "hashed_secret": "fd9800f4cf9fb5e3cf11141d7a548328844ddf2d",
        "is_verified": false,
        "line_number": 21
      }
    ],
    "docs/architecture/session-memory/receipts/ingest-archive-v2.json": [
      {
        "type": "Hex High Entropy String",
        "filename": "docs/architecture/session-memory/receipts/ingest-archive-v2.json",
        "hashed_secret": "75231727e923cd5b9e1e1f835c3042523da9d0c7",
        "is_verified": false,
        "line_number": 53
      },
      {
        "type": "Hex High Entropy String",
        "filename": "docs/architecture/session-memory/receipts/ingest-archive-v2.json",
        "hashed_secret": "fd9800f4cf9fb5e3cf11141d7a548328844ddf2d",
        "is_verified": false,
        "line_number": 54
      }
    ],
    "docs/architecture/session-memory/receipts/paraphrase-census-duplicates-v2.json": [
      {
        "type": "Hex High Entropy String",
        "filename": "docs/architecture/session-memory/receipts/paraphrase-census-duplicates-v2.json",
        "hashed_secret": "611deee6e3638c9e52f5a2bae55dd597ca8fa6c3",
        "is_verified": false,
        "line_number": 4
      }
    ],
    "docs/architecture/session-memory/receipts/paraphrase-census-pair.json": [
      {
        "type": "Hex High Entropy String",
        "filename": "docs/architecture/session-memory/receipts/paraphrase-census-pair.json",
        "hashed_secret": "523ee8c6b8d3c00ad6634bd8717b352876396f2f",
        "is_verified": false,
        "line_number": 4
      },
      {
        "type": "Hex High Entropy String",
        "filename": "docs/architecture/session-memory/receipts/paraphrase-census-pair.json",
        "hashed_secret": "611deee6e3638c9e52f5a2bae55dd597ca8fa6c3",
        "is_verified": false,
        "line_number": 5
      }
    ],
    "docs/architecture/session-memory/receipts/paraphrase-census-v2.json": [
      {
        "type": "Hex High Entropy String",
        "filename": "docs/architecture/session-memory/receipts/paraphrase-census-v2.json",
        "hashed_secret": "611deee6e3638c9e52f5a2bae55dd597ca8fa6c3",
        "is_verified": false,
        "line_number": 3
      }
    ],
    "docs/architecture/session-memory/receipts/paraphrase-census.json": [
      {
        "type": "Hex High Entropy String",
        "filename": "docs/architecture/session-memory/receipts/paraphrase-census.json",
        "hashed_secret": "523ee8c6b8d3c00ad6634bd8717b352876396f2f",
        "is_verified": false,
        "line_number": 3
      }
    ],
    "docs/architecture/session-memory/receipts/semantic-layer/stage1-baseline-census-frozen.json": [
      {
        "type": "Hex High Entropy String",
        "filename": "docs/architecture/session-memory/receipts/semantic-layer/stage1-baseline-census-frozen.json",
        "hashed_secret": "7d6812010220604897b84bb30c9e9bc2aed98856",
        "is_verified": false,
        "line_number": 7
      },
      {
        "type": "Hex High Entropy String",
        "filename": "docs/architecture/session-memory/receipts/semantic-layer/stage1-baseline-census-frozen.json",
        "hashed_secret": "45db1d208b9b4c776899336a0c4b4c076de7bdb1",
        "is_verified": false,
        "line_number": 16
      }
    ],
    "docs/architecture/session-memory/receipts/semantic-layer/stage1-baseline-census-mcp.json": [
      {
        "type": "Hex High Entropy String",
        "filename": "docs/architecture/session-memory/receipts/semantic-layer/stage1-baseline-census-mcp.json",
        "hashed_secret": "9dd3c9570eb8d4abc6d9dbfdedf1eb2352c58d5b",
        "is_verified": false,
        "line_number": 6
      },
      {
        "type": "Hex High Entropy String",
        "filename": "docs/architecture/session-memory/receipts/semantic-layer/stage1-baseline-census-mcp.json",
        "hashed_secret": "45db1d208b9b4c776899336a0c4b4c076de7bdb1",
        "is_verified": false,
        "line_number": 15
      }
    ],
    "docs/architecture/session-memory/receipts/semantic-layer/stage1-baseline-gold.json": [
      {
        "type": "Hex High Entropy String",
        "filename": "docs/architecture/session-memory/receipts/semantic-layer/stage1-baseline-gold.json",
        "hashed_secret": "7d6812010220604897b84bb30c9e9bc2aed98856",
        "is_verified": false,
        "line_number": 7
      },
      {
        "type": "Hex High Entropy String",
        "filename": "docs/architecture/session-memory/receipts/semantic-layer/stage1-baseline-gold.json",
        "hashed_secret": "7e65e434485495e514fc1ee184e7e5ddb9acc33c",
        "is_verified": false,
        "line_number": 3721
      },
      {
        "type": "Hex High Entropy String",
        "filename": "docs/architecture/session-memory/receipts/semantic-layer/stage1-baseline-gold.json",
        "hashed_secret": "fe1f4c1cf0084b73765ed67c62978cda3590b87b",
        "is_verified": false,
        "line_number": 3749
      },
      {
        "type": "Hex High Entropy String",
        "filename": "docs/architecture/session-memory/receipts/semantic-layer/stage1-baseline-gold.json",
        "hashed_secret": "6ea7dba434a0d28a510cf22e80e7a624a795839b",
        "is_verified": false,
        "line_number": 3757
      }
    ],
    "docs/architecture/session-memory/receipts/semantic-layer/stage1-model-measurements.json": [
      {
        "type": "Hex High Entropy String",
        "filename": "docs/architecture/session-memory/receipts/semantic-layer/stage1-model-measurements.json",
        "hashed_secret": "57763e9596f8d419d54dc4884476396ac58df173",
        "is_verified": false,
        "line_number": 48
      },
      {
        "type": "Hex High Entropy String",
        "filename": "docs/architecture/session-memory/receipts/semantic-layer/stage1-model-measurements.json",
        "hashed_secret": "0a54b022431a5ec60261f74d54986ad705cac1e2",
        "is_verified": false,
        "line_number": 69
      }
    ],
    "docs/architecture/session-memory/receipts/semantic-layer/stage2-census-mcp-v2.json": [
      {
        "type": "Hex High Entropy String",
        "filename": "docs/architecture/session-memory/receipts/semantic-layer/stage2-census-mcp-v2.json",
        "hashed_secret": "520b796ef40036f00e11b2dba417a006f97d8c5e",
        "is_verified": false,
        "line_number": 6
      },
      {
        "type": "Hex High Entropy String",
        "filename": "docs/architecture/session-memory/receipts/semantic-layer/stage2-census-mcp-v2.json",
        "hashed_secret": "fe06eec630db403b87cf73abce2e04deee10a16f",
        "is_verified": false,
        "line_number": 16
      }
    ],
    "docs/architecture/session-memory/receipts/semantic-layer/stage2-census-mcp.json": [
      {
        "type": "Hex High Entropy String",
        "filename": "docs/architecture/session-memory/receipts/semantic-layer/stage2-census-mcp.json",
        "hashed_secret": "b55cb9d63f5f812648f78c3a4801e577b319397c",
        "is_verified": false,
        "line_number": 6
      },
      {
        "type": "Hex High Entropy String",
        "filename": "docs/architecture/session-memory/receipts/semantic-layer/stage2-census-mcp.json",
        "hashed_secret": "45db1d208b9b4c776899336a0c4b4c076de7bdb1",
        "is_verified": false,
        "line_number": 16
      }
    ],
    "docs/architecture/session-memory/receipts/semantic-layer/stage2-census-transitions.json": [
      {
        "type": "Base64 High Entropy String",
        "filename": "docs/architecture/session-memory/receipts/semantic-layer/stage2-census-transitions.json",
        "hashed_secret": "7a4e7d0063a51a573bd6e6925b5cfabe336f8622",
        "is_verified": false,
        "line_number": 1
      },
      {
        "type": "Base64 High Entropy String",
        "filename": "docs/architecture/session-memory/receipts/semantic-layer/stage2-census-transitions.json",
        "hashed_secret": "7cbab9297e3a5d65b770e32736e85ec08fe675f0",
        "is_verified": false,
        "line_number": 1
      },
      {
        "type": "Base64 High Entropy String",
        "filename": "docs/architecture/session-memory/receipts/semantic-layer/stage2-census-transitions.json",
        "hashed_secret": "a0ffab08397cea480aa773f11adc1ba56b74e7b6",
        "is_verified": false,
        "line_number": 1
      },
      {
        "type": "Base64 High Entropy String",
        "filename": "docs/architecture/session-memory/receipts/semantic-layer/stage2-census-transitions.json",
        "hashed_secret": "eb72eed6ab056a7b76857c7ad59a3c529f938b9e",
        "is_verified": false,
        "line_number": 1
      }
    ],
    "docs/architecture/session-memory/receipts/semantic-layer/stage2-gold-v2.json": [
      {
        "type": "Hex High Entropy String",
        "filename": "docs/architecture/session-memory/receipts/semantic-layer/stage2-gold-v2.json",
        "hashed_secret": "7bd15f92dab5f4d8ea47f5edc3aa4f3652cdabe7",
        "is_verified": false,
        "line_number": 7
      },
      {
        "type": "Hex High Entropy String",
        "filename": "docs/architecture/session-memory/receipts/semantic-layer/stage2-gold-v2.json",
        "hashed_secret": "764fa5b1d3831232546a38be9e47d12e6c2468fe",
        "is_verified": false,
        "line_number": 4426
      },
      {
        "type": "Hex High Entropy String",
        "filename": "docs/architecture/session-memory/receipts/semantic-layer/stage2-gold-v2.json",
        "hashed_secret": "fe1f4c1cf0084b73765ed67c62978cda3590b87b",
        "is_verified": false,
        "line_number": 4454
      },
      {
        "type": "Hex High Entropy String",
        "filename": "docs/architecture/session-memory/receipts/semantic-layer/stage2-gold-v2.json",
        "hashed_secret": "dbda261cc4d3775c5b83983fe98e646dd15a5b57",
        "is_verified": false,
        "line_number": 4462
      }
    ],
    "docs/architecture/session-memory/receipts/semantic-layer/stage2-gold.json": [
      {
        "type": "Hex High Entropy String",
        "filename": "docs/architecture/session-memory/receipts/semantic-layer/stage2-gold.json",
        "hashed_secret": "b55cb9d63f5f812648f78c3a4801e577b319397c",
        "is_verified": false,
        "line_number": 7
      },
      {
        "type": "Hex High Entropy String",
        "filename": "docs/architecture/session-memory/receipts/semantic-layer/stage2-gold.json",
        "hashed_secret": "7e65e434485495e514fc1ee184e7e5ddb9acc33c",
        "is_verified": false,
        "line_number": 4426
      },
      {
        "type": "Hex High Entropy String",
        "filename": "docs/architecture/session-memory/receipts/semantic-layer/stage2-gold.json",
        "hashed_secret": "fe1f4c1cf0084b73765ed67c62978cda3590b87b",
        "is_verified": false,
        "line_number": 4454
      },
      {
        "type": "Hex High Entropy String",
        "filename": "docs/architecture/session-memory/receipts/semantic-layer/stage2-gold.json",
        "hashed_secret": "eacffbef247ea04c78bf30e4fa3e2f7edbd9fe17",
        "is_verified": false,
        "line_number": 4462
      }
    ],
    "docs/architecture/session-memory/receipts/semantic-layer/stage2-plan-diff.json": [
      {
        "type": "Hex High Entropy String",
        "filename": "docs/architecture/session-memory/receipts/semantic-layer/stage2-plan-diff.json",
        "hashed_secret": "7bd15f92dab5f4d8ea47f5edc3aa4f3652cdabe7",
        "is_verified": false,
        "line_number": 3
      },
      {
        "type": "Hex High Entropy String",
        "filename": "docs/architecture/session-memory/receipts/semantic-layer/stage2-plan-diff.json",
        "hashed_secret": "3c5d35fb1557e471f6e6ddd475df2a84f38d5582",
        "is_verified": false,
        "line_number": 4
      },
      {
        "type": "Hex High Entropy String",
        "filename": "docs/architecture/session-memory/receipts/semantic-layer/stage2-plan-diff.json",
        "hashed_secret": "05b7f18854b9052094ecf87d509caaa911c4d4c0",
        "is_verified": false,
        "line_number": 8
      },
      {
        "type": "Hex High Entropy String",
        "filename": "docs/architecture/session-memory/receipts/semantic-layer/stage2-plan-diff.json",
        "hashed_secret": "6bbfea81af597e44eef1d15e26acb277f963cace",
        "is_verified": false,
        "line_number": 9
      },
      {
        "type": "Hex High Entropy String",
        "filename": "docs/architecture/session-memory/receipts/semantic-layer/stage2-plan-diff.json",
        "hashed_secret": "315eaf3183c749003a8245022ac44765b2caba0e",
        "is_verified": false,
        "line_number": 30
      },
      {
        "type": "Hex High Entropy String",
        "filename": "docs/architecture/session-memory/receipts/semantic-layer/stage2-plan-diff.json",
        "hashed_secret": "a6d0cbde7d8bd42260b88b92c4bd8153f0696e46",
        "is_verified": false,
        "line_number": 46
      },
      {
        "type": "Hex High Entropy String",
        "filename": "docs/architecture/session-memory/receipts/semantic-layer/stage2-plan-diff.json",
        "hashed_secret": "2606b14b33219f6ea9caae6cdf58331df407954e",
        "is_verified": false,
        "line_number": 62
      },
      {
        "type": "Hex High Entropy String",
        "filename": "docs/architecture/session-memory/receipts/semantic-layer/stage2-plan-diff.json",
        "hashed_secret": "a20d0dafd21230f306e0ca4a242e818568ef10d5",
        "is_verified": false,
        "line_number": 78
      },
      {
        "type": "Hex High Entropy String",
        "filename": "docs/architecture/session-memory/receipts/semantic-layer/stage2-plan-diff.json",
        "hashed_secret": "b8f04171dc4f4e2a072df7d48805fe380975cb78",
        "is_verified": false,
        "line_number": 94
      },
      {
        "type": "Hex High Entropy String",
        "filename": "docs/architecture/session-memory/receipts/semantic-layer/stage2-plan-diff.json",
        "hashed_secret": "c58aee136528ac3447616df51330e1174bc4ae7e",
        "is_verified": false,
        "line_number": 110
      },
      {
        "type": "Hex High Entropy String",
        "filename": "docs/architecture/session-memory/receipts/semantic-layer/stage2-plan-diff.json",
        "hashed_secret": "6734d9bae4ec82fef67daa9be9ff2f555afb512b",
        "is_verified": false,
        "line_number": 126
      },
      {
        "type": "Hex High Entropy String",
        "filename": "docs/architecture/session-memory/receipts/semantic-layer/stage2-plan-diff.json",
        "hashed_secret": "cb6628421a799f685a36efbfee6a6153d241a406",
        "is_verified": false,
        "line_number": 142
      },
      {
        "type": "Hex High Entropy String",
        "filename": "docs/architecture/session-memory/receipts/semantic-layer/stage2-plan-diff.json",
        "hashed_secret": "9a5c1f103f99940b61bce8bba37c4213538a0cfa",
        "is_verified": false,
        "line_number": 158
      },
      {
        "type": "Hex High Entropy String",
        "filename": "docs/architecture/session-memory/receipts/semantic-layer/stage2-plan-diff.json",
        "hashed_secret": "e1667a5b27514914937dcbe0d2e02d077a446e78",
        "is_verified": false,
        "line_number": 174
      },
      {
        "type": "Hex High Entropy String",
        "filename": "docs/architecture/session-memory/receipts/semantic-layer/stage2-plan-diff.json",
        "hashed_secret": "c74179d0114ed23c2b17617c4a5a477a73332290",
        "is_verified": false,
        "line_number": 190
      },
      {
        "type": "Hex High Entropy String",
        "filename": "docs/architecture/session-memory/receipts/semantic-layer/stage2-plan-diff.json",
        "hashed_secret": "a58df73a6bf75baac3f201716310149cc702e521",
        "is_verified": false,
        "line_number": 206
      },
      {
        "type": "Hex High Entropy String",
        "filename": "docs/architecture/session-memory/receipts/semantic-layer/stage2-plan-diff.json",
        "hashed_secret": "76fc102c748aa33f5732ead50e43a4e37c60606f",
        "is_verified": false,
        "line_number": 222
      },
      {
        "type": "Hex High Entropy String",
        "filename": "docs/architecture/session-memory/receipts/semantic-layer/stage2-plan-diff.json",
        "hashed_secret": "827d201e4270fec58db481beeea7f8b7e7c00a39",
        "is_verified": false,
        "line_number": 238
      },
      {
        "type": "Hex High Entropy String",
        "filename": "docs/architecture/session-memory/receipts/semantic-layer/stage2-plan-diff.json",
        "hashed_secret": "9d607ce5fd5a70f75f6bf9b92dccfc86fc100eb6",
        "is_verified": false,
        "line_number": 254
      },
      {
        "type": "Hex High Entropy String",
        "filename": "docs/architecture/session-memory/receipts/semantic-layer/stage2-plan-diff.json",
        "hashed_secret": "a777386679915adb9bd5e94ed6197c0426f571b8",
        "is_verified": false,
        "line_number": 270
      },
      {
        "type": "Hex High Entropy String",
        "filename": "docs/architecture/session-memory/receipts/semantic-layer/stage2-plan-diff.json",
        "hashed_secret": "9bef16c460418bd3d08c5205f98b8cae11d2a4a4",
        "is_verified": false,
        "line_number": 286
      },
      {
        "type": "Hex High Entropy String",
        "filename": "docs/architecture/session-memory/receipts/semantic-layer/stage2-plan-diff.json",
        "hashed_secret": "61a7524cefeb7c8fdd1b2ed911f1455924fe2708",
        "is_verified": false,
        "line_number": 302
      },
      {
        "type": "Hex High Entropy String",
        "filename": "docs/architecture/session-memory/receipts/semantic-layer/stage2-plan-diff.json",
        "hashed_secret": "6d478f92be07cc61885a92e968a4f07c401d3afd",
        "is_verified": false,
        "line_number": 318
      },
      {
        "type": "Hex High Entropy String",
        "filename": "docs/architecture/session-memory/receipts/semantic-layer/stage2-plan-diff.json",
        "hashed_secret": "52e73ca82cf492209b4ed7a1f333ddf7dffa90f1",
        "is_verified": false,
        "line_number": 334
      },
      {
        "type": "Hex High Entropy String",
        "filename": "docs/architecture/session-memory/receipts/semantic-layer/stage2-plan-diff.json",
        "hashed_secret": "884021377020a7ca5c377367ee92f49f39905eb1",
        "is_verified": false,
        "line_number": 350
      },
      {
        "type": "Hex High Entropy String",
        "filename": "docs/architecture/session-memory/receipts/semantic-layer/stage2-plan-diff.json",
        "hashed_secret": "654d350a3689fcb9474e469a7be690e59684c941",
        "is_verified": false,
        "line_number": 366
      },
      {
        "type": "Hex High Entropy String",
        "filename": "docs/architecture/session-memory/receipts/semantic-layer/stage2-plan-diff.json",
        "hashed_secret": "96191bee29e79868ceae36dd2ea1aad8fd2eeefc",
        "is_verified": false,
        "line_number": 382
      }
    ],
    "docs/architecture/session-memory/receipts/semantic-layer/stage3-alignment-clone-addendum.json": [
      {
        "type": "Hex High Entropy String",
        "filename": "docs/architecture/session-memory/receipts/semantic-layer/stage3-alignment-clone-addendum.json",
        "hashed_secret": "5b260c1a83fc8c035980adae52a65875e32ae3cb",
        "is_verified": false,
        "line_number": 15
      },
      {
        "type": "Hex High Entropy String",
        "filename": "docs/architecture/session-memory/receipts/semantic-layer/stage3-alignment-clone-addendum.json",
        "hashed_secret": "3bd07f9176119a89e46c57f6de23f400662b9a27",
        "is_verified": false,
        "line_number": 365
      }
    ],
    "docs/architecture/session-memory/receipts/semantic-layer/stage3-corrections-receipt.json": [
      {
        "type": "Hex High Entropy String",
        "filename": "docs/architecture/session-memory/receipts/semantic-layer/stage3-corrections-receipt.json",
        "hashed_secret": "353643bb3a08a04f55c505337fbdaeb76d861286",
        "is_verified": false,
        "line_number": 14
      }
    ],
    "docs/architecture/session-memory/receipts/semantic-layer/stage4-bakeoff-bge-gold-all-arms.json": [
      {
        "type": "Hex High Entropy String",
        "filename": "docs/architecture/session-memory/receipts/semantic-layer/stage4-bakeoff-bge-gold-all-arms.json",
        "hashed_secret": "ef0de916c5eb4ed3f48f1a6b7de5469d005a125a",
        "is_verified": false,
        "line_number": 7
      },
      {
        "type": "Hex High Entropy String",
        "filename": "docs/architecture/session-memory/receipts/semantic-layer/stage4-bakeoff-bge-gold-all-arms.json",
        "hashed_secret": "068e3e30a8e8b1648fd2e6574c589b7ec20ef58f",
        "is_verified": false,
        "line_number": 6468
      },
      {
        "type": "Hex High Entropy String",
        "filename": "docs/architecture/session-memory/receipts/semantic-layer/stage4-bakeoff-bge-gold-all-arms.json",
        "hashed_secret": "fe1f4c1cf0084b73765ed67c62978cda3590b87b",
        "is_verified": false,
        "line_number": 6496
      },
      {
        "type": "Hex High Entropy String",
        "filename": "docs/architecture/session-memory/receipts/semantic-layer/stage4-bakeoff-bge-gold-all-arms.json",
        "hashed_secret": "63553a4156ef0b718f00d6173352a0835277c92b",
        "is_verified": false,
        "line_number": 6504
      }
    ],
    "docs/architecture/session-memory/receipts/semantic-layer/stage4-bakeoff-bge-gold-quiet.json": [
      {
        "type": "Hex High Entropy String",
        "filename": "docs/architecture/session-memory/receipts/semantic-layer/stage4-bakeoff-bge-gold-quiet.json",
        "hashed_secret": "ef1b8c6312961323b8464429d7a28f0b78d006c6",
        "is_verified": false,
        "line_number": 7
      },
      {
        "type": "Hex High Entropy String",
        "filename": "docs/architecture/session-memory/receipts/semantic-layer/stage4-bakeoff-bge-gold-quiet.json",
        "hashed_secret": "068e3e30a8e8b1648fd2e6574c589b7ec20ef58f",
        "is_verified": false,
        "line_number": 3151
      },
      {
        "type": "Hex High Entropy String",
        "filename": "docs/architecture/session-memory/receipts/semantic-layer/stage4-bakeoff-bge-gold-quiet.json",
        "hashed_secret": "fe1f4c1cf0084b73765ed67c62978cda3590b87b",
        "is_verified": false,
        "line_number": 3179
      },
      {
        "type": "Hex High Entropy String",
        "filename": "docs/architecture/session-memory/receipts/semantic-layer/stage4-bakeoff-bge-gold-quiet.json",
        "hashed_secret": "b1a1cf58edae1db6426dda1496f8d429b5800e18",
        "is_verified": false,
        "line_number": 3187
      }
    ],
    "docs/architecture/session-memory/receipts/semantic-layer/stage4-bakeoff-minilm-gold-quiet.json": [
      {
        "type": "Hex High Entropy String",
        "filename": "docs/architecture/session-memory/receipts/semantic-layer/stage4-bakeoff-minilm-gold-quiet.json",
        "hashed_secret": "ef1b8c6312961323b8464429d7a28f0b78d006c6",
        "is_verified": false,
        "line_number": 7
      },
      {
        "type": "Hex High Entropy String",
        "filename": "docs/architecture/session-memory/receipts/semantic-layer/stage4-bakeoff-minilm-gold-quiet.json",
        "hashed_secret": "068e3e30a8e8b1648fd2e6574c589b7ec20ef58f",
        "is_verified": false,
        "line_number": 3158
      },
      {
        "type": "Hex High Entropy String",
        "filename": "docs/architecture/session-memory/receipts/semantic-layer/stage4-bakeoff-minilm-gold-quiet.json",
        "hashed_secret": "fe1f4c1cf0084b73765ed67c62978cda3590b87b",
        "is_verified": false,
        "line_number": 3186
      },
      {
        "type": "Hex High Entropy String",
        "filename": "docs/architecture/session-memory/receipts/semantic-layer/stage4-bakeoff-minilm-gold-quiet.json",
        "hashed_secret": "0542eec16a415735c55370a2289b4c0f589249c1",
        "is_verified": false,
        "line_number": 3194
      }
    ],
    "docs/architecture/session-memory/receipts/semantic-layer/stage4-bakeoff-minilm-gold.json": [
      {
        "type": "Hex High Entropy String",
        "filename": "docs/architecture/session-memory/receipts/semantic-layer/stage4-bakeoff-minilm-gold.json",
        "hashed_secret": "ef1b8c6312961323b8464429d7a28f0b78d006c6",
        "is_verified": false,
        "line_number": 7
      },
      {
        "type": "Hex High Entropy String",
        "filename": "docs/architecture/session-memory/receipts/semantic-layer/stage4-bakeoff-minilm-gold.json",
        "hashed_secret": "068e3e30a8e8b1648fd2e6574c589b7ec20ef58f",
        "is_verified": false,
        "line_number": 6482
      },
      {
        "type": "Hex High Entropy String",
        "filename": "docs/architecture/session-memory/receipts/semantic-layer/stage4-bakeoff-minilm-gold.json",
        "hashed_secret": "fe1f4c1cf0084b73765ed67c62978cda3590b87b",
        "is_verified": false,
        "line_number": 6510
      },
      {
        "type": "Hex High Entropy String",
        "filename": "docs/architecture/session-memory/receipts/semantic-layer/stage4-bakeoff-minilm-gold.json",
        "hashed_secret": "343fe664d4279204be4179d6666d473aef040864",
        "is_verified": false,
        "line_number": 6518
      }
    ],
    "docs/architecture/session-memory/receipts/semantic-layer/stage4-bakeoff-mpnet-gold-quiet.json": [
      {
        "type": "Hex High Entropy String",
        "filename": "docs/architecture/session-memory/receipts/semantic-layer/stage4-bakeoff-mpnet-gold-quiet.json",
        "hashed_secret": "ef1b8c6312961323b8464429d7a28f0b78d006c6",
        "is_verified": false,
        "line_number": 7
      },
      {
        "type": "Hex High Entropy String",
        "filename": "docs/architecture/session-memory/receipts/semantic-layer/stage4-bakeoff-mpnet-gold-quiet.json",
        "hashed_secret": "068e3e30a8e8b1648fd2e6574c589b7ec20ef58f",
        "is_verified": false,
        "line_number": 3158
      },
      {
        "type": "Hex High Entropy String",
        "filename": "docs/architecture/session-memory/receipts/semantic-layer/stage4-bakeoff-mpnet-gold-quiet.json",
        "hashed_secret": "fe1f4c1cf0084b73765ed67c62978cda3590b87b",
        "is_verified": false,
        "line_number": 3186
      },
      {
        "type": "Hex High Entropy String",
        "filename": "docs/architecture/session-memory/receipts/semantic-layer/stage4-bakeoff-mpnet-gold-quiet.json",
        "hashed_secret": "35e2a46e0ef15f728f8b0195212b93923028c74e",
        "is_verified": false,
        "line_number": 3194
      }
    ],
    "docs/architecture/session-memory/receipts/semantic-layer/stage4-bakeoff-mpnet-gold.json": [
      {
        "type": "Hex High Entropy String",
        "filename": "docs/architecture/session-memory/receipts/semantic-layer/stage4-bakeoff-mpnet-gold.json",
        "hashed_secret": "ef1b8c6312961323b8464429d7a28f0b78d006c6",
        "is_verified": false,
        "line_number": 7
      },
      {
        "type": "Hex High Entropy String",
        "filename": "docs/architecture/session-memory/receipts/semantic-layer/stage4-bakeoff-mpnet-gold.json",
        "hashed_secret": "068e3e30a8e8b1648fd2e6574c589b7ec20ef58f",
        "is_verified": false,
        "line_number": 3158
      },
      {
        "type": "Hex High Entropy String",
        "filename": "docs/architecture/session-memory/receipts/semantic-layer/stage4-bakeoff-mpnet-gold.json",
        "hashed_secret": "fe1f4c1cf0084b73765ed67c62978cda3590b87b",
        "is_verified": false,
        "line_number": 3186
      },
      {
        "type": "Hex High Entropy String",
        "filename": "docs/architecture/session-memory/receipts/semantic-layer/stage4-bakeoff-mpnet-gold.json",
        "hashed_secret": "35e2a46e0ef15f728f8b0195212b93923028c74e",
        "is_verified": false,
        "line_number": 3194
      }
    ],
    "docs/architecture/session-memory/receipts/semantic-layer/stage4-census-bge-hybrid.json": [
      {
        "type": "Hex High Entropy String",
        "filename": "docs/architecture/session-memory/receipts/semantic-layer/stage4-census-bge-hybrid.json",
        "hashed_secret": "ef0de916c5eb4ed3f48f1a6b7de5469d005a125a",
        "is_verified": false,
        "line_number": 6
      },
      {
        "type": "Hex High Entropy String",
        "filename": "docs/architecture/session-memory/receipts/semantic-layer/stage4-census-bge-hybrid.json",
        "hashed_secret": "5144f69504de30e20ddfc1bac427a3f421ed793f",
        "is_verified": false,
        "line_number": 17
      }
    ],
    "docs/architecture/session-memory/receipts/semantic-layer/stage4-census-bge-mcp.json": [
      {
        "type": "Hex High Entropy String",
        "filename": "docs/architecture/session-memory/receipts/semantic-layer/stage4-census-bge-mcp.json",
        "hashed_secret": "ef0de916c5eb4ed3f48f1a6b7de5469d005a125a",
        "is_verified": false,
        "line_number": 6
      },
      {
        "type": "Hex High Entropy String",
        "filename": "docs/architecture/session-memory/receipts/semantic-layer/stage4-census-bge-mcp.json",
        "hashed_secret": "5144f69504de30e20ddfc1bac427a3f421ed793f",
        "is_verified": false,
        "line_number": 17
      }
    ],
    "docs/architecture/session-memory/receipts/semantic-layer/stage4-census-bge-paired.json": [
      {
        "type": "Hex High Entropy String",
        "filename": "docs/architecture/session-memory/receipts/semantic-layer/stage4-census-bge-paired.json",
        "hashed_secret": "ef0de916c5eb4ed3f48f1a6b7de5469d005a125a",
        "is_verified": false,
        "line_number": 21
      }
    ],
    "docs/architecture/session-memory/receipts/semantic-layer/stage4-census-bge-v2-hybrid.json": [
      {
        "type": "Hex High Entropy String",
        "filename": "docs/architecture/session-memory/receipts/semantic-layer/stage4-census-bge-v2-hybrid.json",
        "hashed_secret": "a02c1d8b0190aa5c87f252c5dde4acc79e7378d9",
        "is_verified": false,
        "line_number": 6
      },
      {
        "type": "Hex High Entropy String",
        "filename": "docs/architecture/session-memory/receipts/semantic-layer/stage4-census-bge-v2-hybrid.json",
        "hashed_secret": "5144f69504de30e20ddfc1bac427a3f421ed793f",
        "is_verified": false,
        "line_number": 17
      }
    ],
    "docs/architecture/session-memory/receipts/semantic-layer/stage4-census-bge-v2-mcp.json": [
      {
        "type": "Hex High Entropy String",
        "filename": "docs/architecture/session-memory/receipts/semantic-layer/stage4-census-bge-v2-mcp.json",
        "hashed_secret": "a02c1d8b0190aa5c87f252c5dde4acc79e7378d9",
        "is_verified": false,
        "line_number": 6
      },
      {
        "type": "Hex High Entropy String",
        "filename": "docs/architecture/session-memory/receipts/semantic-layer/stage4-census-bge-v2-mcp.json",
        "hashed_secret": "5144f69504de30e20ddfc1bac427a3f421ed793f",
        "is_verified": false,
        "line_number": 17
      }
    ],
    "docs/architecture/session-memory/receipts/semantic-layer/stage4-census-bge-v2-paired.json": [
      {
        "type": "Hex High Entropy String",
        "filename": "docs/architecture/session-memory/receipts/semantic-layer/stage4-census-bge-v2-paired.json",
        "hashed_secret": "a02c1d8b0190aa5c87f252c5dde4acc79e7378d9",
        "is_verified": false,
        "line_number": 38
      }
    ],
    "docs/architecture/session-memory/receipts/semantic-layer/stage4-latency-bge-run1.json": [
      {
        "type": "Hex High Entropy String",
        "filename": "docs/architecture/session-memory/receipts/semantic-layer/stage4-latency-bge-run1.json",
        "hashed_secret": "ef0de916c5eb4ed3f48f1a6b7de5469d005a125a",
        "is_verified": false,
        "line_number": 7
      },
      {
        "type": "Hex High Entropy String",
        "filename": "docs/architecture/session-memory/receipts/semantic-layer/stage4-latency-bge-run1.json",
        "hashed_secret": "068e3e30a8e8b1648fd2e6574c589b7ec20ef58f",
        "is_verified": false,
        "line_number": 3151
      },
      {
        "type": "Hex High Entropy String",
        "filename": "docs/architecture/session-memory/receipts/semantic-layer/stage4-latency-bge-run1.json",
        "hashed_secret": "fe1f4c1cf0084b73765ed67c62978cda3590b87b",
        "is_verified": false,
        "line_number": 3179
      },
      {
        "type": "Hex High Entropy String",
        "filename": "docs/architecture/session-memory/receipts/semantic-layer/stage4-latency-bge-run1.json",
        "hashed_secret": "f475ea158f5f75ba6ac075a896f6624f455e7483",
        "is_verified": false,
        "line_number": 3187
      }
    ],
    "docs/architecture/session-memory/receipts/semantic-layer/stage4-latency-bge-run2.json": [
      {
        "type": "Hex High Entropy String",
        "filename": "docs/architecture/session-memory/receipts/semantic-layer/stage4-latency-bge-run2.json",
        "hashed_secret": "ef0de916c5eb4ed3f48f1a6b7de5469d005a125a",
        "is_verified": false,
        "line_number": 7
      },
      {
        "type": "Hex High Entropy String",
        "filename": "docs/architecture/session-memory/receipts/semantic-layer/stage4-latency-bge-run2.json",
        "hashed_secret": "068e3e30a8e8b1648fd2e6574c589b7ec20ef58f",
        "is_verified": false,
        "line_number": 3151
      },
      {
        "type": "Hex High Entropy String",
        "filename": "docs/architecture/session-memory/receipts/semantic-layer/stage4-latency-bge-run2.json",
        "hashed_secret": "fe1f4c1cf0084b73765ed67c62978cda3590b87b",
        "is_verified": false,
        "line_number": 3179
      },
      {
        "type": "Hex High Entropy String",
        "filename": "docs/architecture/session-memory/receipts/semantic-layer/stage4-latency-bge-run2.json",
        "hashed_secret": "f475ea158f5f75ba6ac075a896f6624f455e7483",
        "is_verified": false,
        "line_number": 3187
      }
    ],
    "docs/architecture/session-memory/receipts/semantic-layer/stage4-latency-bge-run3.json": [
      {
        "type": "Hex High Entropy String",
        "filename": "docs/architecture/session-memory/receipts/semantic-layer/stage4-latency-bge-run3.json",
        "hashed_secret": "ef0de916c5eb4ed3f48f1a6b7de5469d005a125a",
        "is_verified": false,
        "line_number": 7
      },
      {
        "type": "Hex High Entropy String",
        "filename": "docs/architecture/session-memory/receipts/semantic-layer/stage4-latency-bge-run3.json",
        "hashed_secret": "068e3e30a8e8b1648fd2e6574c589b7ec20ef58f",
        "is_verified": false,
        "line_number": 3151
      },
      {
        "type": "Hex High Entropy String",
        "filename": "docs/architecture/session-memory/receipts/semantic-layer/stage4-latency-bge-run3.json",
        "hashed_secret": "fe1f4c1cf0084b73765ed67c62978cda3590b87b",
        "is_verified": false,
        "line_number": 3179
      },
      {
        "type": "Hex High Entropy String",
        "filename": "docs/architecture/session-memory/receipts/semantic-layer/stage4-latency-bge-run3.json",
        "hashed_secret": "f475ea158f5f75ba6ac075a896f6624f455e7483",
        "is_verified": false,
        "line_number": 3187
      }
    ],
    "docs/architecture/session-memory/receipts/semantic-layer/stage4-p-stratum-diagnostic-bge.json": [
      {
        "type": "Hex High Entropy String",
        "filename": "docs/architecture/session-memory/receipts/semantic-layer/stage4-p-stratum-diagnostic-bge.json",
        "hashed_secret": "a02c1d8b0190aa5c87f252c5dde4acc79e7378d9",
        "is_verified": false,
        "line_number": 2
      }
    ],
    "docs/architecture/session-memory/receipts/semantic-layer/stage4-secondary-bge-cap32-run1.json": [
      {
        "type": "Hex High Entropy String",
        "filename": "docs/architecture/session-memory/receipts/semantic-layer/stage4-secondary-bge-cap32-run1.json",
        "hashed_secret": "ef0de916c5eb4ed3f48f1a6b7de5469d005a125a",
        "is_verified": false,
        "line_number": 7
      },
      {
        "type": "Hex High Entropy String",
        "filename": "docs/architecture/session-memory/receipts/semantic-layer/stage4-secondary-bge-cap32-run1.json",
        "hashed_secret": "068e3e30a8e8b1648fd2e6574c589b7ec20ef58f",
        "is_verified": false,
        "line_number": 3151
      },
      {
        "type": "Hex High Entropy String",
        "filename": "docs/architecture/session-memory/receipts/semantic-layer/stage4-secondary-bge-cap32-run1.json",
        "hashed_secret": "fe1f4c1cf0084b73765ed67c62978cda3590b87b",
        "is_verified": false,
        "line_number": 3179
      },
      {
        "type": "Hex High Entropy String",
        "filename": "docs/architecture/session-memory/receipts/semantic-layer/stage4-secondary-bge-cap32-run1.json",
        "hashed_secret": "940170addf27808c318f5391e89c8d5721a50bf8",
        "is_verified": false,
        "line_number": 3187
      }
    ],
    "docs/architecture/session-memory/receipts/semantic-layer/stage4-secondary-bge-cap32-run2.json": [
      {
        "type": "Hex High Entropy String",
        "filename": "docs/architecture/session-memory/receipts/semantic-layer/stage4-secondary-bge-cap32-run2.json",
        "hashed_secret": "ef0de916c5eb4ed3f48f1a6b7de5469d005a125a",
        "is_verified": false,
        "line_number": 7
      },
      {
        "type": "Hex High Entropy String",
        "filename": "docs/architecture/session-memory/receipts/semantic-layer/stage4-secondary-bge-cap32-run2.json",
        "hashed_secret": "068e3e30a8e8b1648fd2e6574c589b7ec20ef58f",
        "is_verified": false,
        "line_number": 3151
      },
      {
        "type": "Hex High Entropy String",
        "filename": "docs/architecture/session-memory/receipts/semantic-layer/stage4-secondary-bge-cap32-run2.json",
        "hashed_secret": "fe1f4c1cf0084b73765ed67c62978cda3590b87b",
        "is_verified": false,
        "line_number": 3179
      },
      {
        "type": "Hex High Entropy String",
        "filename": "docs/architecture/session-memory/receipts/semantic-layer/stage4-secondary-bge-cap32-run2.json",
        "hashed_secret": "940170addf27808c318f5391e89c8d5721a50bf8",
        "is_verified": false,
        "line_number": 3187
      }
    ],
    "docs/architecture/session-memory/receipts/semantic-layer/stage4-secondary-bge-cap32-run3.json": [
      {
        "type": "Hex High Entropy String",
        "filename": "docs/architecture/session-memory/receipts/semantic-layer/stage4-secondary-bge-cap32-run3.json",
        "hashed_secret": "ef0de916c5eb4ed3f48f1a6b7de5469d005a125a",
        "is_verified": false,
        "line_number": 7
      },
      {
        "type": "Hex High Entropy String",
        "filename": "docs/architecture/session-memory/receipts/semantic-layer/stage4-secondary-bge-cap32-run3.json",
        "hashed_secret": "068e3e30a8e8b1648fd2e6574c589b7ec20ef58f",
        "is_verified": false,
        "line_number": 3151
      },
      {
        "type": "Hex High Entropy String",
        "filename": "docs/architecture/session-memory/receipts/semantic-layer/stage4-secondary-bge-cap32-run3.json",
        "hashed_secret": "fe1f4c1cf0084b73765ed67c62978cda3590b87b",
        "is_verified": false,
        "line_number": 3179
      },
      {
        "type": "Hex High Entropy String",
        "filename": "docs/architecture/session-memory/receipts/semantic-layer/stage4-secondary-bge-cap32-run3.json",
        "hashed_secret": "940170addf27808c318f5391e89c8d5721a50bf8",
        "is_verified": false,
        "line_number": 3187
      }
    ],
    "docs/architecture/session-memory/receipts/semantic-layer/stage4-v2-bge-gold-all-arms.json": [
      {
        "type": "Hex High Entropy String",
        "filename": "docs/architecture/session-memory/receipts/semantic-layer/stage4-v2-bge-gold-all-arms.json",
        "hashed_secret": "a02c1d8b0190aa5c87f252c5dde4acc79e7378d9",
        "is_verified": false,
        "line_number": 7
      },
      {
        "type": "Hex High Entropy String",
        "filename": "docs/architecture/session-memory/receipts/semantic-layer/stage4-v2-bge-gold-all-arms.json",
        "hashed_secret": "068e3e30a8e8b1648fd2e6574c589b7ec20ef58f",
        "is_verified": false,
        "line_number": 6492
      },
      {
        "type": "Hex High Entropy String",
        "filename": "docs/architecture/session-memory/receipts/semantic-layer/stage4-v2-bge-gold-all-arms.json",
        "hashed_secret": "fe1f4c1cf0084b73765ed67c62978cda3590b87b",
        "is_verified": false,
        "line_number": 6520
      },
      {
        "type": "Hex High Entropy String",
        "filename": "docs/architecture/session-memory/receipts/semantic-layer/stage4-v2-bge-gold-all-arms.json",
        "hashed_secret": "9d3fc3ab48914c4e008258488294458e76f64734",
        "is_verified": false,
        "line_number": 6528
      }
    ],
    "docs/architecture/session-memory/receipts/semantic-layer/stage4-v2-latency-bge-run1.json": [
      {
        "type": "Hex High Entropy String",
        "filename": "docs/architecture/session-memory/receipts/semantic-layer/stage4-v2-latency-bge-run1.json",
        "hashed_secret": "a02c1d8b0190aa5c87f252c5dde4acc79e7378d9",
        "is_verified": false,
        "line_number": 7
      },
      {
        "type": "Hex High Entropy String",
        "filename": "docs/architecture/session-memory/receipts/semantic-layer/stage4-v2-latency-bge-run1.json",
        "hashed_secret": "068e3e30a8e8b1648fd2e6574c589b7ec20ef58f",
        "is_verified": false,
        "line_number": 3155
      },
      {
        "type": "Hex High Entropy String",
        "filename": "docs/architecture/session-memory/receipts/semantic-layer/stage4-v2-latency-bge-run1.json",
        "hashed_secret": "fe1f4c1cf0084b73765ed67c62978cda3590b87b",
        "is_verified": false,
        "line_number": 3183
      },
      {
        "type": "Hex High Entropy String",
        "filename": "docs/architecture/session-memory/receipts/semantic-layer/stage4-v2-latency-bge-run1.json",
        "hashed_secret": "a18a75fa90c114bfcbf97db43b01a0a97d7711f8",
        "is_verified": false,
        "line_number": 3191
      }
    ],
    "docs/architecture/session-memory/receipts/semantic-layer/stage4-v2-latency-bge-run2.json": [
      {
        "type": "Hex High Entropy String",
        "filename": "docs/architecture/session-memory/receipts/semantic-layer/stage4-v2-latency-bge-run2.json",
        "hashed_secret": "a02c1d8b0190aa5c87f252c5dde4acc79e7378d9",
        "is_verified": false,
        "line_number": 7
      },
      {
        "type": "Hex High Entropy String",
        "filename": "docs/architecture/session-memory/receipts/semantic-layer/stage4-v2-latency-bge-run2.json",
        "hashed_secret": "068e3e30a8e8b1648fd2e6574c589b7ec20ef58f",
        "is_verified": false,
        "line_number": 3155
      },
      {
        "type": "Hex High Entropy String",
        "filename": "docs/architecture/session-memory/receipts/semantic-layer/stage4-v2-latency-bge-run2.json",
        "hashed_secret": "fe1f4c1cf0084b73765ed67c62978cda3590b87b",
        "is_verified": false,
        "line_number": 3183
      },
      {
        "type": "Hex High Entropy String",
        "filename": "docs/architecture/session-memory/receipts/semantic-layer/stage4-v2-latency-bge-run2.json",
        "hashed_secret": "a18a75fa90c114bfcbf97db43b01a0a97d7711f8",
        "is_verified": false,
        "line_number": 3191
      }
    ],
    "docs/architecture/session-memory/receipts/semantic-layer/stage4-v2-latency-bge-run3.json": [
      {
        "type": "Hex High Entropy String",
        "filename": "docs/architecture/session-memory/receipts/semantic-layer/stage4-v2-latency-bge-run3.json",
        "hashed_secret": "a02c1d8b0190aa5c87f252c5dde4acc79e7378d9",
        "is_verified": false,
        "line_number": 7
      },
      {
        "type": "Hex High Entropy String",
        "filename": "docs/architecture/session-memory/receipts/semantic-layer/stage4-v2-latency-bge-run3.json",
        "hashed_secret": "068e3e30a8e8b1648fd2e6574c589b7ec20ef58f",
        "is_verified": false,
        "line_number": 3155
      },
      {
        "type": "Hex High Entropy String",
        "filename": "docs/architecture/session-memory/receipts/semantic-layer/stage4-v2-latency-bge-run3.json",
        "hashed_secret": "fe1f4c1cf0084b73765ed67c62978cda3590b87b",
        "is_verified": false,
        "line_number": 3183
      },
      {
        "type": "Hex High Entropy String",
        "filename": "docs/architecture/session-memory/receipts/semantic-layer/stage4-v2-latency-bge-run3.json",
        "hashed_secret": "a18a75fa90c114bfcbf97db43b01a0a97d7711f8",
        "is_verified": false,
        "line_number": 3191
      }
    ],
    "docs/architecture/session-memory/receipts/semantic-layer/stage4-v2-secondary-bge-cap32-run1.json": [
      {
        "type": "Hex High Entropy String",
        "filename": "docs/architecture/session-memory/receipts/semantic-layer/stage4-v2-secondary-bge-cap32-run1.json",
        "hashed_secret": "a02c1d8b0190aa5c87f252c5dde4acc79e7378d9",
        "is_verified": false,
        "line_number": 7
      },
      {
        "type": "Hex High Entropy String",
        "filename": "docs/architecture/session-memory/receipts/semantic-layer/stage4-v2-secondary-bge-cap32-run1.json",
        "hashed_secret": "068e3e30a8e8b1648fd2e6574c589b7ec20ef58f",
        "is_verified": false,
        "line_number": 3155
      },
      {
        "type": "Hex High Entropy String",
        "filename": "docs/architecture/session-memory/receipts/semantic-layer/stage4-v2-secondary-bge-cap32-run1.json",
        "hashed_secret": "fe1f4c1cf0084b73765ed67c62978cda3590b87b",
        "is_verified": false,
        "line_number": 3183
      },
      {
        "type": "Hex High Entropy String",
        "filename": "docs/architecture/session-memory/receipts/semantic-layer/stage4-v2-secondary-bge-cap32-run1.json",
        "hashed_secret": "540a26dd7f6e0dd5f3b21c360017b6d5c2cac7ab",
        "is_verified": false,
        "line_number": 3191
      }
    ],
    "docs/architecture/session-memory/receipts/semantic-layer/stage4-v2-secondary-bge-cap32-run2.json": [
      {
        "type": "Hex High Entropy String",
        "filename": "docs/architecture/session-memory/receipts/semantic-layer/stage4-v2-secondary-bge-cap32-run2.json",
        "hashed_secret": "a02c1d8b0190aa5c87f252c5dde4acc79e7378d9",
        "is_verified": false,
        "line_number": 7
      },
      {
        "type": "Hex High Entropy String",
        "filename": "docs/architecture/session-memory/receipts/semantic-layer/stage4-v2-secondary-bge-cap32-run2.json",
        "hashed_secret": "068e3e30a8e8b1648fd2e6574c589b7ec20ef58f",
        "is_verified": false,
        "line_number": 3155
      },
      {
        "type": "Hex High Entropy String",
        "filename": "docs/architecture/session-memory/receipts/semantic-layer/stage4-v2-secondary-bge-cap32-run2.json",
        "hashed_secret": "fe1f4c1cf0084b73765ed67c62978cda3590b87b",
        "is_verified": false,
        "line_number": 3183
      },
      {
        "type": "Hex High Entropy String",
        "filename": "docs/architecture/session-memory/receipts/semantic-layer/stage4-v2-secondary-bge-cap32-run2.json",
        "hashed_secret": "540a26dd7f6e0dd5f3b21c360017b6d5c2cac7ab",
        "is_verified": false,
        "line_number": 3191
      }
    ],
    "docs/architecture/session-memory/receipts/semantic-layer/stage4-v2-secondary-bge-cap32-run3.json": [
      {
        "type": "Hex High Entropy String",
        "filename": "docs/architecture/session-memory/receipts/semantic-layer/stage4-v2-secondary-bge-cap32-run3.json",
        "hashed_secret": "a02c1d8b0190aa5c87f252c5dde4acc79e7378d9",
        "is_verified": false,
        "line_number": 7
      },
      {
        "type": "Hex High Entropy String",
        "filename": "docs/architecture/session-memory/receipts/semantic-layer/stage4-v2-secondary-bge-cap32-run3.json",
        "hashed_secret": "068e3e30a8e8b1648fd2e6574c589b7ec20ef58f",
        "is_verified": false,
        "line_number": 3155
      },
      {
        "type": "Hex High Entropy String",
        "filename": "docs/architecture/session-memory/receipts/semantic-layer/stage4-v2-secondary-bge-cap32-run3.json",
        "hashed_secret": "fe1f4c1cf0084b73765ed67c62978cda3590b87b",
        "is_verified": false,
        "line_number": 3183
      },
      {
        "type": "Hex High Entropy String",
        "filename": "docs/architecture/session-memory/receipts/semantic-layer/stage4-v2-secondary-bge-cap32-run3.json",
        "hashed_secret": "540a26dd7f6e0dd5f3b21c360017b6d5c2cac7ab",
        "is_verified": false,
        "line_number": 3191
      }
    ],
    "docs/architecture/session-memory/receipts/stage4-keep-half-dev-rescore.json": [
      {
        "type": "Hex High Entropy String",
        "filename": "docs/architecture/session-memory/receipts/stage4-keep-half-dev-rescore.json",
        "hashed_secret": "a9f3fd2b1778c4abafa5fa91cfd03e0de761412c",
        "is_verified": false,
        "line_number": 4
      },
      {
        "type": "Hex High Entropy String",
        "filename": "docs/architecture/session-memory/receipts/stage4-keep-half-dev-rescore.json",
        "hashed_secret": "97ac65246e6cb56647a7114f65fbafe7a240ea38",
        "is_verified": false,
        "line_number": 5
      },
      {
        "type": "Hex High Entropy String",
        "filename": "docs/architecture/session-memory/receipts/stage4-keep-half-dev-rescore.json",
        "hashed_secret": "17ee88a4bc58ffd5f32da0712f378bdbb6e632e1",
        "is_verified": false,
        "line_number": 6
      },
      {
        "type": "Hex High Entropy String",
        "filename": "docs/architecture/session-memory/receipts/stage4-keep-half-dev-rescore.json",
        "hashed_secret": "fe1f4c1cf0084b73765ed67c62978cda3590b87b",
        "is_verified": false,
        "line_number": 19
      },
      {
        "type": "Hex High Entropy String",
        "filename": "docs/architecture/session-memory/receipts/stage4-keep-half-dev-rescore.json",
        "hashed_secret": "75231727e923cd5b9e1e1f835c3042523da9d0c7",
        "is_verified": false,
        "line_number": 23
      },
      {
        "type": "Hex High Entropy String",
        "filename": "docs/architecture/session-memory/receipts/stage4-keep-half-dev-rescore.json",
        "hashed_secret": "fd9800f4cf9fb5e3cf11141d7a548328844ddf2d",
        "is_verified": false,
        "line_number": 24
      }
    ],
    "docs/superpowers/plans/2026-09-04-second-brain-launcher.md": [
      {
        "type": "Basic Auth Credentials",
        "filename": "docs/superpowers/plans/2026-09-04-second-brain-launcher.md",
        "hashed_secret": "9d4e1e23bd5b727046a9e3b4b7db57bd8d6ee684",
        "is_verified": false,
        "line_number": 137
      }
    ],
    "experiments/evidence_context/managed_history/OBSERVED-RESULTS.json": [
      {
        "type": "Hex High Entropy String",
        "filename": "experiments/evidence_context/managed_history/OBSERVED-RESULTS.json",
        "hashed_secret": "c3ddbb30c182e3ca4dabb928a02fe3a52455f39d",
        "is_verified": false,
        "line_number": 55
      }
    ],
    "experiments/evidence_context/source_decision/observations/offline.json": [
      {
        "type": "Hex High Entropy String",
        "filename": "experiments/evidence_context/source_decision/observations/offline.json",
        "hashed_secret": "c25ae5111f3511afd6c1b9b1c460eb46d87408ea",
        "is_verified": false,
        "line_number": 70
      },
      {
        "type": "Hex High Entropy String",
        "filename": "experiments/evidence_context/source_decision/observations/offline.json",
        "hashed_secret": "0b3fd53cc18e38738c052bdc40355cb25661a2f7",
        "is_verified": false,
        "line_number": 90
      },
      {
        "type": "Hex High Entropy String",
        "filename": "experiments/evidence_context/source_decision/observations/offline.json",
        "hashed_secret": "740976e261eb61b52b3eb5a586f2b293f78ae3bc",
        "is_verified": false,
        "line_number": 468
      },
      {
        "type": "Hex High Entropy String",
        "filename": "experiments/evidence_context/source_decision/observations/offline.json",
        "hashed_secret": "d3691912d85d467bf6cc3303e726879aa171726c",
        "is_verified": false,
        "line_number": 887
      },
      {
        "type": "Hex High Entropy String",
        "filename": "experiments/evidence_context/source_decision/observations/offline.json",
        "hashed_secret": "9a3ed36b3ad79c66c3ab6eb08cfde1c427eea8f5",
        "is_verified": false,
        "line_number": 907
      },
      {
        "type": "Hex High Entropy String",
        "filename": "experiments/evidence_context/source_decision/observations/offline.json",
        "hashed_secret": "77772160c94c97a4ebdabf2a19be5565e17309ec",
        "is_verified": false,
        "line_number": 1290
      },
      {
        "type": "Hex High Entropy String",
        "filename": "experiments/evidence_context/source_decision/observations/offline.json",
        "hashed_secret": "777685f24fb563c0c0f1127651b1c1f5bc92423d",
        "is_verified": false,
        "line_number": 1658
      },
      {
        "type": "Hex High Entropy String",
        "filename": "experiments/evidence_context/source_decision/observations/offline.json",
        "hashed_secret": "752e944bd64bee9f0201d333a2754f6f5ce416f4",
        "is_verified": false,
        "line_number": 2041
      },
      {
        "type": "Hex High Entropy String",
        "filename": "experiments/evidence_context/source_decision/observations/offline.json",
        "hashed_secret": "ba600ec1df2f4202d389618eeb7a7b4157afb583",
        "is_verified": false,
        "line_number": 2430
      },
      {
        "type": "Hex High Entropy String",
        "filename": "experiments/evidence_context/source_decision/observations/offline.json",
        "hashed_secret": "976603f245499680655bd302814c3874ac71d1cb",
        "is_verified": false,
        "line_number": 2640
      },
      {
        "type": "Hex High Entropy String",
        "filename": "experiments/evidence_context/source_decision/observations/offline.json",
        "hashed_secret": "c58c099aef9ca74744c6d36882f5d3b356b540b7",
        "is_verified": false,
        "line_number": 3050
      },
      {
        "type": "Hex High Entropy String",
        "filename": "experiments/evidence_context/source_decision/observations/offline.json",
        "hashed_secret": "bb9f9b08b2f021d352d196f23d7dda2ce77393c9",
        "is_verified": false,
        "line_number": 3857
      },
      {
        "type": "Hex High Entropy String",
        "filename": "experiments/evidence_context/source_decision/observations/offline.json",
        "hashed_secret": "a3e74ea42c1cbe373298f2803b1346eff9695ecf",
        "is_verified": false,
        "line_number": 4308
      }
    ],
    "experiments/evidence_context/source_decision/observations/results.json": [
      {
        "type": "Hex High Entropy String",
        "filename": "experiments/evidence_context/source_decision/observations/results.json",
        "hashed_secret": "c25ae5111f3511afd6c1b9b1c460eb46d87408ea",
        "is_verified": false,
        "line_number": 99
      },
      {
        "type": "Hex High Entropy String",
        "filename": "experiments/evidence_context/source_decision/observations/results.json",
        "hashed_secret": "0b3fd53cc18e38738c052bdc40355cb25661a2f7",
        "is_verified": false,
        "line_number": 119
      },
      {
        "type": "Hex High Entropy String",
        "filename": "experiments/evidence_context/source_decision/observations/results.json",
        "hashed_secret": "740976e261eb61b52b3eb5a586f2b293f78ae3bc",
        "is_verified": false,
        "line_number": 555
      },
      {
        "type": "Hex High Entropy String",
        "filename": "experiments/evidence_context/source_decision/observations/results.json",
        "hashed_secret": "d3691912d85d467bf6cc3303e726879aa171726c",
        "is_verified": false,
        "line_number": 1036
      },
      {
        "type": "Hex High Entropy String",
        "filename": "experiments/evidence_context/source_decision/observations/results.json",
        "hashed_secret": "9a3ed36b3ad79c66c3ab6eb08cfde1c427eea8f5",
        "is_verified": false,
        "line_number": 1056
      },
      {
        "type": "Hex High Entropy String",
        "filename": "experiments/evidence_context/source_decision/observations/results.json",
        "hashed_secret": "77772160c94c97a4ebdabf2a19be5565e17309ec",
        "is_verified": false,
        "line_number": 1501
      },
      {
        "type": "Hex High Entropy String",
        "filename": "experiments/evidence_context/source_decision/observations/results.json",
        "hashed_secret": "777685f24fb563c0c0f1127651b1c1f5bc92423d",
        "is_verified": false,
        "line_number": 1931
      },
      {
        "type": "Hex High Entropy String",
        "filename": "experiments/evidence_context/source_decision/observations/results.json",
        "hashed_secret": "752e944bd64bee9f0201d333a2754f6f5ce416f4",
        "is_verified": false,
        "line_number": 2372
      },
      {
        "type": "Hex High Entropy String",
        "filename": "experiments/evidence_context/source_decision/observations/results.json",
        "hashed_secret": "ba600ec1df2f4202d389618eeb7a7b4157afb583",
        "is_verified": false,
        "line_number": 2811
      },
      {
        "type": "Hex High Entropy String",
        "filename": "experiments/evidence_context/source_decision/observations/results.json",
        "hashed_secret": "976603f245499680655bd302814c3874ac71d1cb",
        "is_verified": false,
        "line_number": 3067
      },
      {
        "type": "Hex High Entropy String",
        "filename": "experiments/evidence_context/source_decision/observations/results.json",
        "hashed_secret": "c58c099aef9ca74744c6d36882f5d3b356b540b7",
        "is_verified": false,
        "line_number": 3527
      },
      {
        "type": "Hex High Entropy String",
        "filename": "experiments/evidence_context/source_decision/observations/results.json",
        "hashed_secret": "bb9f9b08b2f021d352d196f23d7dda2ce77393c9",
        "is_verified": false,
        "line_number": 4458
      },
      {
        "type": "Hex High Entropy String",
        "filename": "experiments/evidence_context/source_decision/observations/results.json",
        "hashed_secret": "a3e74ea42c1cbe373298f2803b1346eff9695ecf",
        "is_verified": false,
        "line_number": 4967
      }
    ],
    "packages/agent-session-tools/tests/test_config_loader.py": [
      {
        "type": "Base64 High Entropy String",
        "filename": "packages/agent-session-tools/tests/test_config_loader.py",
        "hashed_secret": "4331de6fdcf7360b98d6319e482cd995d27b23d2",
        "is_verified": false,
        "line_number": 240
      },
      {
        "type": "Base64 High Entropy String",
        "filename": "packages/agent-session-tools/tests/test_config_loader.py",
        "hashed_secret": "93056f8ced0e7c6ddf1e6402ebf14e78b7cbefe6",
        "is_verified": false,
        "line_number": 241
      }
    ],
    "packages/agent-session-tools/tests/test_embedding_schema.py": [
      {
        "type": "Hex High Entropy String",
        "filename": "packages/agent-session-tools/tests/test_embedding_schema.py",
        "hashed_secret": "aabc6baa2329644dd4c24ce57ddde468ff64ce8e",
        "is_verified": false,
        "line_number": 265
      }
    ],
    "packages/agent-session-tools/tests/test_eval_gold.py": [
      {
        "type": "Hex High Entropy String",
        "filename": "packages/agent-session-tools/tests/test_eval_gold.py",
        "hashed_secret": "fe1f4c1cf0084b73765ed67c62978cda3590b87b",
        "is_verified": false,
        "line_number": 24
      }
    ],
    "packages/agent-session-tools/tests/test_obsidian_writer.py": [
      {
        "type": "Hex High Entropy String",
        "filename": "packages/agent-session-tools/tests/test_obsidian_writer.py",
        "hashed_secret": "e4b41e5b3ee37527f01e5c0e155aa7a96c8d840c",
        "is_verified": false,
        "line_number": 38
      }
    ],
    "packages/studyloop/src/studyloop/session/child_env.py": [
      {
        "type": "Basic Auth Credentials",
        "filename": "packages/studyloop/src/studyloop/session/child_env.py",
        "hashed_secret": "1a91d62f7ca67399625a4368a6ab5d4a3baa6073",
        "is_verified": false,
        "line_number": 34
      }
    ],
    "packages/studyloop/src/studyloop/web/routes/content_gen/_catalog.py": [
      {
        "type": "Secret Keyword",
        "filename": "packages/studyloop/src/studyloop/web/routes/content_gen/_catalog.py",
        "hashed_secret": "5e99ed6523713fa172088d61a3ff067a22346d65",
        "is_verified": false,
        "line_number": 116
      }
    ],
    "packages/studyloop/src/studyloop/web/static/vendor/js/xterm-addon-clipboard-0.2.0.js": [
      {
        "type": "Base64 High Entropy String",
        "filename": "packages/studyloop/src/studyloop/web/static/vendor/js/xterm-addon-clipboard-0.2.0.js",
        "hashed_secret": "1d278d3c888d1a2fa7eed622bfc02927ce4049af",
        "is_verified": false,
        "line_number": 1
      }
    ],
    "packages/studyloop/tests/test_dotenv_test_hatch.py": [
      {
        "type": "Base64 High Entropy String",
        "filename": "packages/studyloop/tests/test_dotenv_test_hatch.py",
        "hashed_secret": "20b446b8aa6c661b271f88a1dd3686b30a14b54b",
        "is_verified": false,
        "line_number": 31
      }
    ],
    "packages/studyloop/tests/test_pty_transport.py": [
      {
        "type": "Secret Keyword",
        "filename": "packages/studyloop/tests/test_pty_transport.py",
        "hashed_secret": "f3bbbd66a63d4bf1747940578ec3d0103530e21d",
        "is_verified": false,
        "line_number": 122
      },
      {
        "type": "Secret Keyword",
        "filename": "packages/studyloop/tests/test_pty_transport.py",
        "hashed_secret": "71544f76730f65cdb71a68877b02d015feb51ab1",
        "is_verified": false,
        "line_number": 123
      },
      {
        "type": "Secret Keyword",
        "filename": "packages/studyloop/tests/test_pty_transport.py",
        "hashed_secret": "81c748a598105d20ab335cda7550182d132dd8e4",
        "is_verified": false,
        "line_number": 135
      }
    ],
    "packages/studyloop/tests/test_session_start.py": [
      {
        "type": "Hex High Entropy String",
        "filename": "packages/studyloop/tests/test_session_start.py",
        "hashed_secret": "e8e6c2284ab5bee4de2ee53880c8fc2a4728d3e8",
        "is_verified": false,
        "line_number": 198
      },
      {
        "type": "Secret Keyword",
        "filename": "packages/studyloop/tests/test_session_start.py",
        "hashed_secret": "8276669029ebdae41cc9747c27870b45b547f5cf",
        "is_verified": false,
        "line_number": 362
      }
    ],
    "packages/studyloop/tests/test_web_content_generation_service.py": [
      {
        "type": "Secret Keyword",
        "filename": "packages/studyloop/tests/test_web_content_generation_service.py",
        "hashed_secret": "1b9d3a64eafd1a6a3b025f2d86d3835220a2034b",
        "is_verified": false,
        "line_number": 17
      }
    ],
    "packages/studyloop/tests/test_web_runtime_feedback.py": [
      {
        "type": "Secret Keyword",
        "filename": "packages/studyloop/tests/test_web_runtime_feedback.py",
        "hashed_secret": "8720b7945189fb56b56b4b0ab1b9dcfc3877dd7a",
        "is_verified": false,
        "line_number": 57
      },
      {
        "type": "Secret Keyword",
        "filename": "packages/studyloop/tests/test_web_runtime_feedback.py",
        "hashed_secret": "e12ea5603ad9823095da5d636dddf01d9a949a9a",
        "is_verified": false,
        "line_number": 62
      }
    ],
    "packages/studyloop/tests/test_web_secrets_route.py": [
      {
        "type": "Secret Keyword",
        "filename": "packages/studyloop/tests/test_web_secrets_route.py",
        "hashed_secret": "56934f4281213d3c49c46ba46e010bb0381dafd7",
        "is_verified": false,
        "line_number": 162
      },
      {
        "type": "Secret Keyword",
        "filename": "packages/studyloop/tests/test_web_secrets_route.py",
        "hashed_secret": "37a1676371e3e6494da213ed72053b7156ff8f00",
        "is_verified": false,
        "line_number": 175
      },
      {
        "type": "Secret Keyword",
        "filename": "packages/studyloop/tests/test_web_secrets_route.py",
        "hashed_secret": "76bae137af85acbf6ad11e54b8de308697048008",
        "is_verified": false,
        "line_number": 187
      }
    ],
    "packages/studyloop/tests/test_web_session_start_service.py": [
      {
        "type": "Hex High Entropy String",
        "filename": "packages/studyloop/tests/test_web_session_start_service.py",
        "hashed_secret": "33c76f70af66754ca47d19b17da8dc232e125253",
        "is_verified": false,
        "line_number": 17
      }
    ]
  },
  "generated_at": "2026-09-12T01:24:10Z"
}
