{
  "version": "1.5.0",
  "plugins_used": [
    {
      "name": "ArtifactoryDetector"
    },
    {
      "name": "AWSKeyDetector"
    },
    {
      "name": "AzureStorageKeyDetector"
    },
    {
      "name": "Base64HighEntropyString",
      "limit": 4.5
    },
    {
      "name": "BasicAuthDetector"
    },
    {
      "name": "CloudantDetector"
    },
    {
      "name": "DiscordBotTokenDetector"
    },
    {
      "name": "GitHubTokenDetector"
    },
    {
      "name": "GitLabTokenDetector"
    },
    {
      "name": "HexHighEntropyString",
      "limit": 3.0
    },
    {
      "name": "IbmCloudIamDetector"
    },
    {
      "name": "IbmCosHmacDetector"
    },
    {
      "name": "IPPublicDetector"
    },
    {
      "name": "JwtTokenDetector"
    },
    {
      "name": "KeywordDetector",
      "keyword_exclude": ""
    },
    {
      "name": "MailchimpDetector"
    },
    {
      "name": "NpmDetector"
    },
    {
      "name": "OpenAIDetector"
    },
    {
      "name": "PrivateKeyDetector"
    },
    {
      "name": "PypiTokenDetector"
    },
    {
      "name": "SendGridDetector"
    },
    {
      "name": "SlackDetector"
    },
    {
      "name": "SoftlayerDetector"
    },
    {
      "name": "SquareOAuthDetector"
    },
    {
      "name": "StripeDetector"
    },
    {
      "name": "TelegramBotTokenDetector"
    },
    {
      "name": "TwilioKeyDetector"
    }
  ],
  "filters_used": [
    {
      "path": "detect_secrets.filters.allowlist.is_line_allowlisted"
    },
    {
      "path": "detect_secrets.filters.common.is_baseline_file",
      "filename": ".secrets.baseline"
    },
    {
      "path": "detect_secrets.filters.common.is_ignored_due_to_verification_policies",
      "min_level": 2
    },
    {
      "path": "detect_secrets.filters.heuristic.is_indirect_reference"
    },
    {
      "path": "detect_secrets.filters.heuristic.is_likely_id_string"
    },
    {
      "path": "detect_secrets.filters.heuristic.is_lock_file"
    },
    {
      "path": "detect_secrets.filters.heuristic.is_not_alphanumeric_string"
    },
    {
      "path": "detect_secrets.filters.heuristic.is_potential_uuid"
    },
    {
      "path": "detect_secrets.filters.heuristic.is_prefixed_with_dollar_sign"
    },
    {
      "path": "detect_secrets.filters.heuristic.is_sequential_string"
    },
    {
      "path": "detect_secrets.filters.heuristic.is_swagger_file"
    },
    {
      "path": "detect_secrets.filters.heuristic.is_templated_secret"
    }
  ],
  "results": {
    "agents/manifest.json": [
      {
        "type": "Hex High Entropy String",
        "filename": "agents/manifest.json",
        "hashed_secret": "57f2b7aa4898c68a7f5019bfc9a259d43eaae819",
        "is_verified": false,
        "line_number": 9
      },
      {
        "type": "Hex High Entropy String",
        "filename": "agents/manifest.json",
        "hashed_secret": "1642e7c8c0c7ffb553a3148bc96499f0f4f0add0",
        "is_verified": false,
        "line_number": 13
      },
      {
        "type": "Hex High Entropy String",
        "filename": "agents/manifest.json",
        "hashed_secret": "39f070687a76bb15bdda8001547b74858c562273",
        "is_verified": false,
        "line_number": 17
      },
      {
        "type": "Hex High Entropy String",
        "filename": "agents/manifest.json",
        "hashed_secret": "4b6565ab5e1ec609e05553d003cf338070d81836",
        "is_verified": false,
        "line_number": 29
      },
      {
        "type": "Hex High Entropy String",
        "filename": "agents/manifest.json",
        "hashed_secret": "e7b7bf3d1502c08eed0f1507a6dfba255dd6e1f8",
        "is_verified": false,
        "line_number": 33
      },
      {
        "type": "Hex High Entropy String",
        "filename": "agents/manifest.json",
        "hashed_secret": "628eb5de0fb903dbc112cfe64d7ffee58607927d",
        "is_verified": false,
        "line_number": 41
      },
      {
        "type": "Hex High Entropy String",
        "filename": "agents/manifest.json",
        "hashed_secret": "e7fca37cfc3b1ffc8f2d19e6d42cb4f726f5e091",
        "is_verified": false,
        "line_number": 45
      },
      {
        "type": "Hex High Entropy String",
        "filename": "agents/manifest.json",
        "hashed_secret": "88d4df3c80319c5e425a8340e647f6134942c16d",
        "is_verified": false,
        "line_number": 49
      },
      {
        "type": "Hex High Entropy String",
        "filename": "agents/manifest.json",
        "hashed_secret": "3f2abe7324618f5be5b53e6f063e6ed80bd531a5",
        "is_verified": false,
        "line_number": 53
      },
      {
        "type": "Hex High Entropy String",
        "filename": "agents/manifest.json",
        "hashed_secret": "b37f8d4aca0f85435b52e167ee9f09280a3f9593",
        "is_verified": false,
        "line_number": 57
      },
      {
        "type": "Hex High Entropy String",
        "filename": "agents/manifest.json",
        "hashed_secret": "6e16c27090e6ef78d3d43f0d4244d7a9987e76d9",
        "is_verified": false,
        "line_number": 61
      },
      {
        "type": "Hex High Entropy String",
        "filename": "agents/manifest.json",
        "hashed_secret": "c5500010d104bbe79247185dc8f18325d26bce2b",
        "is_verified": false,
        "line_number": 65
      },
      {
        "type": "Hex High Entropy String",
        "filename": "agents/manifest.json",
        "hashed_secret": "3a72bb24183ed28c131fc8cf624ea365faebd6a8",
        "is_verified": false,
        "line_number": 69
      },
      {
        "type": "Hex High Entropy String",
        "filename": "agents/manifest.json",
        "hashed_secret": "ee12a35a3779f33af762a202e2f8dfa4781ae562",
        "is_verified": false,
        "line_number": 73
      }
    ],
    "agents/mcp/README.md": [
      {
        "type": "Secret Keyword",
        "filename": "agents/mcp/README.md",
        "hashed_secret": "c303df00cd0a72b21c62900b758b06fc541664ce",
        "is_verified": false,
        "line_number": 128
      }
    ],
    "docs/architecture/session-memory/receipts/baseline-dev-031dbab9.json": [
      {
        "type": "Hex High Entropy String",
        "filename": "docs/architecture/session-memory/receipts/baseline-dev-031dbab9.json",
        "hashed_secret": "a9f3fd2b1778c4abafa5fa91cfd03e0de761412c",
        "is_verified": false,
        "line_number": 4
      },
      {
        "type": "Hex High Entropy String",
        "filename": "docs/architecture/session-memory/receipts/baseline-dev-031dbab9.json",
        "hashed_secret": "3f87689a1ae08392a8c0e1cd2ac1e886482b7735",
        "is_verified": false,
        "line_number": 6
      },
      {
        "type": "Hex High Entropy String",
        "filename": "docs/architecture/session-memory/receipts/baseline-dev-031dbab9.json",
        "hashed_secret": "fe1f4c1cf0084b73765ed67c62978cda3590b87b",
        "is_verified": false,
        "line_number": 9
      },
      {
        "type": "Hex High Entropy String",
        "filename": "docs/architecture/session-memory/receipts/baseline-dev-031dbab9.json",
        "hashed_secret": "75231727e923cd5b9e1e1f835c3042523da9d0c7",
        "is_verified": false,
        "line_number": 13
      },
      {
        "type": "Hex High Entropy String",
        "filename": "docs/architecture/session-memory/receipts/baseline-dev-031dbab9.json",
        "hashed_secret": "fd9800f4cf9fb5e3cf11141d7a548328844ddf2d",
        "is_verified": false,
        "line_number": 14
      },
      {
        "type": "Hex High Entropy String",
        "filename": "docs/architecture/session-memory/receipts/baseline-dev-031dbab9.json",
        "hashed_secret": "672139455fb020d058616f70b6d01b557b635e4f",
        "is_verified": false,
        "line_number": 1279
      }
    ],
    "docs/architecture/session-memory/receipts/derive-v1-receipt.json": [
      {
        "type": "Hex High Entropy String",
        "filename": "docs/architecture/session-memory/receipts/derive-v1-receipt.json",
        "hashed_secret": "7197f489b7b13c5a0ed745d86b651791d052b77a",
        "is_verified": false,
        "line_number": 7
      }
    ],
    "docs/architecture/session-memory/receipts/gold-v2-dev.json": [
      {
        "type": "Hex High Entropy String",
        "filename": "docs/architecture/session-memory/receipts/gold-v2-dev.json",
        "hashed_secret": "fd9800f4cf9fb5e3cf11141d7a548328844ddf2d",
        "is_verified": false,
        "line_number": 1
      }
    ],
    "docs/architecture/session-memory/receipts/gold-v2-receipt-r2.json": [
      {
        "type": "Hex High Entropy String",
        "filename": "docs/architecture/session-memory/receipts/gold-v2-receipt-r2.json",
        "hashed_secret": "672139455fb020d058616f70b6d01b557b635e4f",
        "is_verified": false,
        "line_number": 5
      },
      {
        "type": "Hex High Entropy String",
        "filename": "docs/architecture/session-memory/receipts/gold-v2-receipt-r2.json",
        "hashed_secret": "a9f3fd2b1778c4abafa5fa91cfd03e0de761412c",
        "is_verified": false,
        "line_number": 8
      },
      {
        "type": "Hex High Entropy String",
        "filename": "docs/architecture/session-memory/receipts/gold-v2-receipt-r2.json",
        "hashed_secret": "fe1f4c1cf0084b73765ed67c62978cda3590b87b",
        "is_verified": false,
        "line_number": 13
      },
      {
        "type": "Hex High Entropy String",
        "filename": "docs/architecture/session-memory/receipts/gold-v2-receipt-r2.json",
        "hashed_secret": "986ab6ddbb3ed4dce698cef05bb49f8df0a5fc14",
        "is_verified": false,
        "line_number": 16
      },
      {
        "type": "Hex High Entropy String",
        "filename": "docs/architecture/session-memory/receipts/gold-v2-receipt-r2.json",
        "hashed_secret": "d90d85620996bb8463219643199988e100591fa8",
        "is_verified": false,
        "line_number": 21
      },
      {
        "type": "Hex High Entropy String",
        "filename": "docs/architecture/session-memory/receipts/gold-v2-receipt-r2.json",
        "hashed_secret": "75231727e923cd5b9e1e1f835c3042523da9d0c7",
        "is_verified": false,
        "line_number": 30
      },
      {
        "type": "Hex High Entropy String",
        "filename": "docs/architecture/session-memory/receipts/gold-v2-receipt-r2.json",
        "hashed_secret": "5f7cd48280188fb075f75a975097c45ae2758d10",
        "is_verified": false,
        "line_number": 31
      },
      {
        "type": "Hex High Entropy String",
        "filename": "docs/architecture/session-memory/receipts/gold-v2-receipt-r2.json",
        "hashed_secret": "6000a1d766d088bb391c368f21d4f2a34a1ba26a",
        "is_verified": false,
        "line_number": 32
      }
    ],
    "docs/architecture/session-memory/receipts/gold-v2-receipt.json": [
      {
        "type": "Hex High Entropy String",
        "filename": "docs/architecture/session-memory/receipts/gold-v2-receipt.json",
        "hashed_secret": "a9f3fd2b1778c4abafa5fa91cfd03e0de761412c",
        "is_verified": false,
        "line_number": 3
      },
      {
        "type": "Hex High Entropy String",
        "filename": "docs/architecture/session-memory/receipts/gold-v2-receipt.json",
        "hashed_secret": "fd9800f4cf9fb5e3cf11141d7a548328844ddf2d",
        "is_verified": false,
        "line_number": 5
      },
      {
        "type": "Hex High Entropy String",
        "filename": "docs/architecture/session-memory/receipts/gold-v2-receipt.json",
        "hashed_secret": "e5c80dfd3f33bb9f63f76e87c8971c1486594e45",
        "is_verified": false,
        "line_number": 47
      },
      {
        "type": "Hex High Entropy String",
        "filename": "docs/architecture/session-memory/receipts/gold-v2-receipt.json",
        "hashed_secret": "8aba7c76fbb91252186b0ff4ed47dc9db339866a",
        "is_verified": false,
        "line_number": 58
      },
      {
        "type": "Hex High Entropy String",
        "filename": "docs/architecture/session-memory/receipts/gold-v2-receipt.json",
        "hashed_secret": "993aa9e577b1be9237102dba3d2689ba0f1b9de6",
        "is_verified": false,
        "line_number": 61
      }
    ],
    "docs/architecture/session-memory/receipts/ingest-archive-v1.json": [
      {
        "type": "Hex High Entropy String",
        "filename": "docs/architecture/session-memory/receipts/ingest-archive-v1.json",
        "hashed_secret": "75231727e923cd5b9e1e1f835c3042523da9d0c7",
        "is_verified": false,
        "line_number": 20
      },
      {
        "type": "Hex High Entropy String",
        "filename": "docs/architecture/session-memory/receipts/ingest-archive-v1.json",
        "hashed_secret": "fd9800f4cf9fb5e3cf11141d7a548328844ddf2d",
        "is_verified": false,
        "line_number": 21
      }
    ],
    "docs/architecture/session-memory/receipts/poc-set-g2.json": [
      {
        "type": "Hex High Entropy String",
        "filename": "docs/architecture/session-memory/receipts/poc-set-g2.json",
        "hashed_secret": "8eb14e3bedd449aa10aca56a68e2a19a3f877c7f",
        "is_verified": false,
        "line_number": 9
      },
      {
        "type": "Hex High Entropy String",
        "filename": "docs/architecture/session-memory/receipts/poc-set-g2.json",
        "hashed_secret": "cc4189ac5dca4494f80dd90602482b83d37f8e76",
        "is_verified": false,
        "line_number": 362
      }
    ],
    "docs/architecture/session-memory/receipts/stage-d-look1-b1clean.json": [
      {
        "type": "Hex High Entropy String",
        "filename": "docs/architecture/session-memory/receipts/stage-d-look1-b1clean.json",
        "hashed_secret": "a9f3fd2b1778c4abafa5fa91cfd03e0de761412c",
        "is_verified": false,
        "line_number": 4
      },
      {
        "type": "Hex High Entropy String",
        "filename": "docs/architecture/session-memory/receipts/stage-d-look1-b1clean.json",
        "hashed_secret": "97522c69ec4e54586157efa4827a902d8e537949",
        "is_verified": false,
        "line_number": 5
      },
      {
        "type": "Hex High Entropy String",
        "filename": "docs/architecture/session-memory/receipts/stage-d-look1-b1clean.json",
        "hashed_secret": "3f87689a1ae08392a8c0e1cd2ac1e886482b7735",
        "is_verified": false,
        "line_number": 6
      },
      {
        "type": "Hex High Entropy String",
        "filename": "docs/architecture/session-memory/receipts/stage-d-look1-b1clean.json",
        "hashed_secret": "fe1f4c1cf0084b73765ed67c62978cda3590b87b",
        "is_verified": false,
        "line_number": 9
      },
      {
        "type": "Hex High Entropy String",
        "filename": "docs/architecture/session-memory/receipts/stage-d-look1-b1clean.json",
        "hashed_secret": "75231727e923cd5b9e1e1f835c3042523da9d0c7",
        "is_verified": false,
        "line_number": 13
      },
      {
        "type": "Hex High Entropy String",
        "filename": "docs/architecture/session-memory/receipts/stage-d-look1-b1clean.json",
        "hashed_secret": "fd9800f4cf9fb5e3cf11141d7a548328844ddf2d",
        "is_verified": false,
        "line_number": 14
      },
      {
        "type": "Hex High Entropy String",
        "filename": "docs/architecture/session-memory/receipts/stage-d-look1-b1clean.json",
        "hashed_secret": "53b7cd2bc9cae0737e481a5c014d23ea75cc3d91",
        "is_verified": false,
        "line_number": 1882
      }
    ],
    "docs/architecture/session-memory/receipts/stage-d-look2-planner-control.json": [
      {
        "type": "Hex High Entropy String",
        "filename": "docs/architecture/session-memory/receipts/stage-d-look2-planner-control.json",
        "hashed_secret": "a9f3fd2b1778c4abafa5fa91cfd03e0de761412c",
        "is_verified": false,
        "line_number": 4
      },
      {
        "type": "Hex High Entropy String",
        "filename": "docs/architecture/session-memory/receipts/stage-d-look2-planner-control.json",
        "hashed_secret": "ec5c08000ed66ccce3eda090c0fdb9ddb182f927",
        "is_verified": false,
        "line_number": 5
      },
      {
        "type": "Hex High Entropy String",
        "filename": "docs/architecture/session-memory/receipts/stage-d-look2-planner-control.json",
        "hashed_secret": "3f87689a1ae08392a8c0e1cd2ac1e886482b7735",
        "is_verified": false,
        "line_number": 6
      },
      {
        "type": "Hex High Entropy String",
        "filename": "docs/architecture/session-memory/receipts/stage-d-look2-planner-control.json",
        "hashed_secret": "a51c1506d807f7073180b195d13b1698798144e8",
        "is_verified": false,
        "line_number": 9
      },
      {
        "type": "Hex High Entropy String",
        "filename": "docs/architecture/session-memory/receipts/stage-d-look2-planner-control.json",
        "hashed_secret": "97522c69ec4e54586157efa4827a902d8e537949",
        "is_verified": false,
        "line_number": 10
      },
      {
        "type": "Hex High Entropy String",
        "filename": "docs/architecture/session-memory/receipts/stage-d-look2-planner-control.json",
        "hashed_secret": "85914e945221eb9d2f944d114a51ef874410b742",
        "is_verified": false,
        "line_number": 14
      },
      {
        "type": "Hex High Entropy String",
        "filename": "docs/architecture/session-memory/receipts/stage-d-look2-planner-control.json",
        "hashed_secret": "fe1f4c1cf0084b73765ed67c62978cda3590b87b",
        "is_verified": false,
        "line_number": 19
      },
      {
        "type": "Hex High Entropy String",
        "filename": "docs/architecture/session-memory/receipts/stage-d-look2-planner-control.json",
        "hashed_secret": "75231727e923cd5b9e1e1f835c3042523da9d0c7",
        "is_verified": false,
        "line_number": 23
      },
      {
        "type": "Hex High Entropy String",
        "filename": "docs/architecture/session-memory/receipts/stage-d-look2-planner-control.json",
        "hashed_secret": "fd9800f4cf9fb5e3cf11141d7a548328844ddf2d",
        "is_verified": false,
        "line_number": 24
      },
      {
        "type": "Hex High Entropy String",
        "filename": "docs/architecture/session-memory/receipts/stage-d-look2-planner-control.json",
        "hashed_secret": "7eec575bb220153d26dc7392a6ba3e783d59f979",
        "is_verified": false,
        "line_number": 2513
      }
    ],
    "docs/data/concept-sidecar-migration-v49-receipt.json": [
      {
        "type": "Hex High Entropy String",
        "filename": "docs/data/concept-sidecar-migration-v49-receipt.json",
        "hashed_secret": "b5f310bd4ca88671022cce72cd5fdd0482088a2f",
        "is_verified": false,
        "line_number": 7
      },
      {
        "type": "Hex High Entropy String",
        "filename": "docs/data/concept-sidecar-migration-v49-receipt.json",
        "hashed_secret": "75583a773a12e1d33c366a7d993d5834364da141",
        "is_verified": false,
        "line_number": 19
      },
      {
        "type": "Hex High Entropy String",
        "filename": "docs/data/concept-sidecar-migration-v49-receipt.json",
        "hashed_secret": "38eab3be71e7edc620bf755eb01f56e89a2a52bb",
        "is_verified": false,
        "line_number": 20
      }
    ],
    "docs/data/ontology-migration-v48-receipt.json": [
      {
        "type": "Hex High Entropy String",
        "filename": "docs/data/ontology-migration-v48-receipt.json",
        "hashed_secret": "91c093777a19af3e6b2f11c62a62e50bde3d0415",
        "is_verified": false,
        "line_number": 19
      }
    ],
    "docs/data/ontology-tier1-baseline-upstream.json": [
      {
        "type": "Hex High Entropy String",
        "filename": "docs/data/ontology-tier1-baseline-upstream.json",
        "hashed_secret": "4163539bac893c4ce1d1775dd1202d49dc4f04f9",
        "is_verified": false,
        "line_number": 11
      },
      {
        "type": "Hex High Entropy String",
        "filename": "docs/data/ontology-tier1-baseline-upstream.json",
        "hashed_secret": "93fce716a78ababf32f0cb9179607a49fc7d6f5a",
        "is_verified": false,
        "line_number": 31
      },
      {
        "type": "Hex High Entropy String",
        "filename": "docs/data/ontology-tier1-baseline-upstream.json",
        "hashed_secret": "fdd3a3212c50c993c2fb89439df5bde82dfa812f",
        "is_verified": false,
        "line_number": 56
      }
    ],
    "docs/superpowers/plans/2026-09-04-second-brain-launcher.md": [
      {
        "type": "Basic Auth Credentials",
        "filename": "docs/superpowers/plans/2026-09-04-second-brain-launcher.md",
        "hashed_secret": "9d4e1e23bd5b727046a9e3b4b7db57bd8d6ee684",
        "is_verified": false,
        "line_number": 137
      }
    ],
    "experiments/evidence_context/managed_history/OBSERVED-RESULTS.json": [
      {
        "type": "Hex High Entropy String",
        "filename": "experiments/evidence_context/managed_history/OBSERVED-RESULTS.json",
        "hashed_secret": "c3ddbb30c182e3ca4dabb928a02fe3a52455f39d",
        "is_verified": false,
        "line_number": 55,
        "is_secret": false
      }
    ],
    "experiments/evidence_context/source_decision/observations/offline.json": [
      {
        "type": "Hex High Entropy String",
        "filename": "experiments/evidence_context/source_decision/observations/offline.json",
        "hashed_secret": "c25ae5111f3511afd6c1b9b1c460eb46d87408ea",
        "is_verified": false,
        "line_number": 70,
        "is_secret": false
      },
      {
        "type": "Hex High Entropy String",
        "filename": "experiments/evidence_context/source_decision/observations/offline.json",
        "hashed_secret": "0b3fd53cc18e38738c052bdc40355cb25661a2f7",
        "is_verified": false,
        "line_number": 90,
        "is_secret": false
      },
      {
        "type": "Hex High Entropy String",
        "filename": "experiments/evidence_context/source_decision/observations/offline.json",
        "hashed_secret": "740976e261eb61b52b3eb5a586f2b293f78ae3bc",
        "is_verified": false,
        "line_number": 468,
        "is_secret": false
      },
      {
        "type": "Hex High Entropy String",
        "filename": "experiments/evidence_context/source_decision/observations/offline.json",
        "hashed_secret": "d3691912d85d467bf6cc3303e726879aa171726c",
        "is_verified": false,
        "line_number": 887,
        "is_secret": false
      },
      {
        "type": "Hex High Entropy String",
        "filename": "experiments/evidence_context/source_decision/observations/offline.json",
        "hashed_secret": "9a3ed36b3ad79c66c3ab6eb08cfde1c427eea8f5",
        "is_verified": false,
        "line_number": 907,
        "is_secret": false
      },
      {
        "type": "Hex High Entropy String",
        "filename": "experiments/evidence_context/source_decision/observations/offline.json",
        "hashed_secret": "77772160c94c97a4ebdabf2a19be5565e17309ec",
        "is_verified": false,
        "line_number": 1290,
        "is_secret": false
      },
      {
        "type": "Hex High Entropy String",
        "filename": "experiments/evidence_context/source_decision/observations/offline.json",
        "hashed_secret": "777685f24fb563c0c0f1127651b1c1f5bc92423d",
        "is_verified": false,
        "line_number": 1658,
        "is_secret": false
      },
      {
        "type": "Hex High Entropy String",
        "filename": "experiments/evidence_context/source_decision/observations/offline.json",
        "hashed_secret": "752e944bd64bee9f0201d333a2754f6f5ce416f4",
        "is_verified": false,
        "line_number": 2041,
        "is_secret": false
      },
      {
        "type": "Hex High Entropy String",
        "filename": "experiments/evidence_context/source_decision/observations/offline.json",
        "hashed_secret": "ba600ec1df2f4202d389618eeb7a7b4157afb583",
        "is_verified": false,
        "line_number": 2430,
        "is_secret": false
      },
      {
        "type": "Hex High Entropy String",
        "filename": "experiments/evidence_context/source_decision/observations/offline.json",
        "hashed_secret": "976603f245499680655bd302814c3874ac71d1cb",
        "is_verified": false,
        "line_number": 2640,
        "is_secret": false
      },
      {
        "type": "Hex High Entropy String",
        "filename": "experiments/evidence_context/source_decision/observations/offline.json",
        "hashed_secret": "c58c099aef9ca74744c6d36882f5d3b356b540b7",
        "is_verified": false,
        "line_number": 3050,
        "is_secret": false
      },
      {
        "type": "Hex High Entropy String",
        "filename": "experiments/evidence_context/source_decision/observations/offline.json",
        "hashed_secret": "bb9f9b08b2f021d352d196f23d7dda2ce77393c9",
        "is_verified": false,
        "line_number": 3857,
        "is_secret": false
      },
      {
        "type": "Hex High Entropy String",
        "filename": "experiments/evidence_context/source_decision/observations/offline.json",
        "hashed_secret": "a3e74ea42c1cbe373298f2803b1346eff9695ecf",
        "is_verified": false,
        "line_number": 4308,
        "is_secret": false
      }
    ],
    "experiments/evidence_context/source_decision/observations/results.json": [
      {
        "type": "Hex High Entropy String",
        "filename": "experiments/evidence_context/source_decision/observations/results.json",
        "hashed_secret": "c25ae5111f3511afd6c1b9b1c460eb46d87408ea",
        "is_verified": false,
        "line_number": 99,
        "is_secret": false
      },
      {
        "type": "Hex High Entropy String",
        "filename": "experiments/evidence_context/source_decision/observations/results.json",
        "hashed_secret": "0b3fd53cc18e38738c052bdc40355cb25661a2f7",
        "is_verified": false,
        "line_number": 119,
        "is_secret": false
      },
      {
        "type": "Hex High Entropy String",
        "filename": "experiments/evidence_context/source_decision/observations/results.json",
        "hashed_secret": "740976e261eb61b52b3eb5a586f2b293f78ae3bc",
        "is_verified": false,
        "line_number": 555,
        "is_secret": false
      },
      {
        "type": "Hex High Entropy String",
        "filename": "experiments/evidence_context/source_decision/observations/results.json",
        "hashed_secret": "d3691912d85d467bf6cc3303e726879aa171726c",
        "is_verified": false,
        "line_number": 1036,
        "is_secret": false
      },
      {
        "type": "Hex High Entropy String",
        "filename": "experiments/evidence_context/source_decision/observations/results.json",
        "hashed_secret": "9a3ed36b3ad79c66c3ab6eb08cfde1c427eea8f5",
        "is_verified": false,
        "line_number": 1056,
        "is_secret": false
      },
      {
        "type": "Hex High Entropy String",
        "filename": "experiments/evidence_context/source_decision/observations/results.json",
        "hashed_secret": "77772160c94c97a4ebdabf2a19be5565e17309ec",
        "is_verified": false,
        "line_number": 1501,
        "is_secret": false
      },
      {
        "type": "Hex High Entropy String",
        "filename": "experiments/evidence_context/source_decision/observations/results.json",
        "hashed_secret": "777685f24fb563c0c0f1127651b1c1f5bc92423d",
        "is_verified": false,
        "line_number": 1931,
        "is_secret": false
      },
      {
        "type": "Hex High Entropy String",
        "filename": "experiments/evidence_context/source_decision/observations/results.json",
        "hashed_secret": "752e944bd64bee9f0201d333a2754f6f5ce416f4",
        "is_verified": false,
        "line_number": 2372,
        "is_secret": false
      },
      {
        "type": "Hex High Entropy String",
        "filename": "experiments/evidence_context/source_decision/observations/results.json",
        "hashed_secret": "ba600ec1df2f4202d389618eeb7a7b4157afb583",
        "is_verified": false,
        "line_number": 2811,
        "is_secret": false
      },
      {
        "type": "Hex High Entropy String",
        "filename": "experiments/evidence_context/source_decision/observations/results.json",
        "hashed_secret": "976603f245499680655bd302814c3874ac71d1cb",
        "is_verified": false,
        "line_number": 3067,
        "is_secret": false
      },
      {
        "type": "Hex High Entropy String",
        "filename": "experiments/evidence_context/source_decision/observations/results.json",
        "hashed_secret": "c58c099aef9ca74744c6d36882f5d3b356b540b7",
        "is_verified": false,
        "line_number": 3527,
        "is_secret": false
      },
      {
        "type": "Hex High Entropy String",
        "filename": "experiments/evidence_context/source_decision/observations/results.json",
        "hashed_secret": "bb9f9b08b2f021d352d196f23d7dda2ce77393c9",
        "is_verified": false,
        "line_number": 4458,
        "is_secret": false
      },
      {
        "type": "Hex High Entropy String",
        "filename": "experiments/evidence_context/source_decision/observations/results.json",
        "hashed_secret": "a3e74ea42c1cbe373298f2803b1346eff9695ecf",
        "is_verified": false,
        "line_number": 4967,
        "is_secret": false
      }
    ],
    "openspec/changes/sessionweaver-phase2-retrofit/evidence/legacy-okf-import-report.json": [
      {
        "type": "Hex High Entropy String",
        "filename": "openspec/changes/sessionweaver-phase2-retrofit/evidence/legacy-okf-import-report.json",
        "hashed_secret": "d1697d566692abed3d5580076804e6287283baac",
        "is_verified": false,
        "line_number": 3
      },
      {
        "type": "Hex High Entropy String",
        "filename": "openspec/changes/sessionweaver-phase2-retrofit/evidence/legacy-okf-import-report.json",
        "hashed_secret": "cbd892ba20d98c3f52af1450663d0d55252e0ef7",
        "is_verified": false,
        "line_number": 54
      },
      {
        "type": "Hex High Entropy String",
        "filename": "openspec/changes/sessionweaver-phase2-retrofit/evidence/legacy-okf-import-report.json",
        "hashed_secret": "b5f310bd4ca88671022cce72cd5fdd0482088a2f",
        "is_verified": false,
        "line_number": 58
      },
      {
        "type": "Hex High Entropy String",
        "filename": "openspec/changes/sessionweaver-phase2-retrofit/evidence/legacy-okf-import-report.json",
        "hashed_secret": "26a705b152a465774409572faa6f7994bb1b4a2c",
        "is_verified": false,
        "line_number": 65
      },
      {
        "type": "Hex High Entropy String",
        "filename": "openspec/changes/sessionweaver-phase2-retrofit/evidence/legacy-okf-import-report.json",
        "hashed_secret": "2e062efbe853b825cc49623c14f5c01f933be362",
        "is_verified": false,
        "line_number": 66
      }
    ],
    "packages/agent-session-tools/tests/test_config_loader.py": [
      {
        "type": "Base64 High Entropy String",
        "filename": "packages/agent-session-tools/tests/test_config_loader.py",
        "hashed_secret": "4331de6fdcf7360b98d6319e482cd995d27b23d2",
        "is_verified": false,
        "line_number": 240
      },
      {
        "type": "Base64 High Entropy String",
        "filename": "packages/agent-session-tools/tests/test_config_loader.py",
        "hashed_secret": "93056f8ced0e7c6ddf1e6402ebf14e78b7cbefe6",
        "is_verified": false,
        "line_number": 241
      }
    ],
    "packages/agent-session-tools/tests/test_migrations.py": [
      {
        "type": "Hex High Entropy String",
        "filename": "packages/agent-session-tools/tests/test_migrations.py",
        "hashed_secret": "b5f310bd4ca88671022cce72cd5fdd0482088a2f",
        "is_verified": false,
        "line_number": 1668
      }
    ],
    "packages/agent-session-tools/tests/test_obsidian_writer.py": [
      {
        "type": "Hex High Entropy String",
        "filename": "packages/agent-session-tools/tests/test_obsidian_writer.py",
        "hashed_secret": "e4b41e5b3ee37527f01e5c0e155aa7a96c8d840c",
        "is_verified": false,
        "line_number": 38
      }
    ],
    "packages/learning-memory/tests/test_derive_rules.py": [
      {
        "type": "Hex High Entropy String",
        "filename": "packages/learning-memory/tests/test_derive_rules.py",
        "hashed_secret": "7197f489b7b13c5a0ed745d86b651791d052b77a",
        "is_verified": false,
        "line_number": 389
      }
    ],
    "packages/studyloop/src/studyloop/session/child_env.py": [
      {
        "type": "Basic Auth Credentials",
        "filename": "packages/studyloop/src/studyloop/session/child_env.py",
        "hashed_secret": "1a91d62f7ca67399625a4368a6ab5d4a3baa6073",
        "is_verified": false,
        "line_number": 34
      }
    ],
    "packages/studyloop/src/studyloop/web/routes/content_gen/_catalog.py": [
      {
        "type": "Secret Keyword",
        "filename": "packages/studyloop/src/studyloop/web/routes/content_gen/_catalog.py",
        "hashed_secret": "5e99ed6523713fa172088d61a3ff067a22346d65",
        "is_verified": false,
        "line_number": 116
      }
    ],
    "packages/studyloop/src/studyloop/web/static/vendor/js/xterm-addon-clipboard-0.2.0.js": [
      {
        "type": "Base64 High Entropy String",
        "filename": "packages/studyloop/src/studyloop/web/static/vendor/js/xterm-addon-clipboard-0.2.0.js",
        "hashed_secret": "1d278d3c888d1a2fa7eed622bfc02927ce4049af",
        "is_verified": false,
        "line_number": 1
      }
    ],
    "packages/studyloop/tests/test_dotenv_test_hatch.py": [
      {
        "type": "Base64 High Entropy String",
        "filename": "packages/studyloop/tests/test_dotenv_test_hatch.py",
        "hashed_secret": "20b446b8aa6c661b271f88a1dd3686b30a14b54b",
        "is_verified": false,
        "line_number": 31
      }
    ],
    "packages/studyloop/tests/test_pty_transport.py": [
      {
        "type": "Secret Keyword",
        "filename": "packages/studyloop/tests/test_pty_transport.py",
        "hashed_secret": "f3bbbd66a63d4bf1747940578ec3d0103530e21d",
        "is_verified": false,
        "line_number": 122
      },
      {
        "type": "Secret Keyword",
        "filename": "packages/studyloop/tests/test_pty_transport.py",
        "hashed_secret": "71544f76730f65cdb71a68877b02d015feb51ab1",
        "is_verified": false,
        "line_number": 123
      },
      {
        "type": "Secret Keyword",
        "filename": "packages/studyloop/tests/test_pty_transport.py",
        "hashed_secret": "81c748a598105d20ab335cda7550182d132dd8e4",
        "is_verified": false,
        "line_number": 135
      }
    ],
    "packages/studyloop/tests/test_session_start.py": [
      {
        "type": "Hex High Entropy String",
        "filename": "packages/studyloop/tests/test_session_start.py",
        "hashed_secret": "e8e6c2284ab5bee4de2ee53880c8fc2a4728d3e8",
        "is_verified": false,
        "line_number": 198
      },
      {
        "type": "Secret Keyword",
        "filename": "packages/studyloop/tests/test_session_start.py",
        "hashed_secret": "8276669029ebdae41cc9747c27870b45b547f5cf",
        "is_verified": false,
        "line_number": 337
      }
    ],
    "packages/studyloop/tests/test_web_content_generation_service.py": [
      {
        "type": "Secret Keyword",
        "filename": "packages/studyloop/tests/test_web_content_generation_service.py",
        "hashed_secret": "1b9d3a64eafd1a6a3b025f2d86d3835220a2034b",
        "is_verified": false,
        "line_number": 17
      }
    ],
    "packages/studyloop/tests/test_web_runtime_feedback.py": [
      {
        "type": "Secret Keyword",
        "filename": "packages/studyloop/tests/test_web_runtime_feedback.py",
        "hashed_secret": "8720b7945189fb56b56b4b0ab1b9dcfc3877dd7a",
        "is_verified": false,
        "line_number": 57
      },
      {
        "type": "Secret Keyword",
        "filename": "packages/studyloop/tests/test_web_runtime_feedback.py",
        "hashed_secret": "e12ea5603ad9823095da5d636dddf01d9a949a9a",
        "is_verified": false,
        "line_number": 62
      }
    ],
    "packages/studyloop/tests/test_web_secrets_route.py": [
      {
        "type": "Secret Keyword",
        "filename": "packages/studyloop/tests/test_web_secrets_route.py",
        "hashed_secret": "56934f4281213d3c49c46ba46e010bb0381dafd7",
        "is_verified": false,
        "line_number": 162
      },
      {
        "type": "Secret Keyword",
        "filename": "packages/studyloop/tests/test_web_secrets_route.py",
        "hashed_secret": "37a1676371e3e6494da213ed72053b7156ff8f00",
        "is_verified": false,
        "line_number": 175
      },
      {
        "type": "Secret Keyword",
        "filename": "packages/studyloop/tests/test_web_secrets_route.py",
        "hashed_secret": "76bae137af85acbf6ad11e54b8de308697048008",
        "is_verified": false,
        "line_number": 187
      }
    ],
    "packages/studyloop/tests/test_web_session_start_service.py": [
      {
        "type": "Hex High Entropy String",
        "filename": "packages/studyloop/tests/test_web_session_start_service.py",
        "hashed_secret": "33c76f70af66754ca47d19b17da8dc232e125253",
        "is_verified": false,
        "line_number": 17
      }
    ]
  },
  "generated_at": "2026-09-10T04:34:16Z"
}
